Component: ARM Compiler 5.06 update 5 (build 528) Tool: armlink [4d35e2]

==============================================================================

Section Cross References

    startup_stm32f103xb.o(STACK) refers (Special) to heapauxi.o(.text) for __use_two_region_memory
    startup_stm32f103xb.o(HEAP) refers (Special) to heapauxi.o(.text) for __use_two_region_memory
    startup_stm32f103xb.o(RESET) refers (Special) to heapauxi.o(.text) for __use_two_region_memory
    startup_stm32f103xb.o(RESET) refers to startup_stm32f103xb.o(STACK) for __initial_sp
    startup_stm32f103xb.o(RESET) refers to startup_stm32f103xb.o(.text) for Reset_Handler
    startup_stm32f103xb.o(RESET) refers to stm32f1xx_it.o(i.NMI_Handler) for NMI_Handler
    startup_stm32f103xb.o(RESET) refers to stm32f1xx_it.o(i.HardFault_Handler) for HardFault_Handler
    startup_stm32f103xb.o(RESET) refers to stm32f1xx_it.o(i.MemManage_Handler) for MemManage_Handler
    startup_stm32f103xb.o(RESET) refers to stm32f1xx_it.o(i.BusFault_Handler) for BusFault_Handler
    startup_stm32f103xb.o(RESET) refers to stm32f1xx_it.o(i.UsageFault_Handler) for UsageFault_Handler
    startup_stm32f103xb.o(RESET) refers to port.o(.emb_text) for SVC_Handler
    startup_stm32f103xb.o(RESET) refers to stm32f1xx_it.o(i.DebugMon_Handler) for DebugMon_Handler
    startup_stm32f103xb.o(RESET) refers to cmsis_os2.o(i.SysTick_Handler) for SysTick_Handler
    startup_stm32f103xb.o(RESET) refers to stm32f1xx_it.o(i.TIM2_IRQHandler) for TIM2_IRQHandler
    startup_stm32f103xb.o(RESET) refers to stm32f1xx_it.o(i.TIM4_IRQHandler) for TIM4_IRQHandler
    startup_stm32f103xb.o(RESET) refers to stm32f1xx_it.o(i.USART1_IRQHandler) for USART1_IRQHandler
    startup_stm32f103xb.o(RESET) refers to stm32f1xx_it.o(i.EXTI15_10_IRQHandler) for EXTI15_10_IRQHandler
    startup_stm32f103xb.o(.text) refers (Special) to heapauxi.o(.text) for __use_two_region_memory
    startup_stm32f103xb.o(.text) refers to system_stm32f1xx.o(i.SystemInit) for SystemInit
    startup_stm32f103xb.o(.text) refers to __main.o(!!!main) for __main
    startup_stm32f103xb.o(.text) refers to startup_stm32f103xb.o(HEAP) for Heap_Mem
    startup_stm32f103xb.o(.text) refers to startup_stm32f103xb.o(STACK) for Stack_Mem
    main.o(i.HAL_TIM_PeriodElapsedCallback) refers to stm32f1xx_hal.o(i.HAL_IncTick) for HAL_IncTick
    main.o(i.SystemClock_Config) refers to rt_memclr_w.o(.text) for __aeabi_memclr4
    main.o(i.SystemClock_Config) refers to stm32f1xx_hal_rcc.o(i.HAL_RCC_OscConfig) for HAL_RCC_OscConfig
    main.o(i.SystemClock_Config) refers to stm32f1xx_hal_rcc.o(i.HAL_RCC_ClockConfig) for HAL_RCC_ClockConfig
    main.o(i.SystemClock_Config) refers to stm32f1xx_hal_rcc_ex.o(i.HAL_RCCEx_PeriphCLKConfig) for HAL_RCCEx_PeriphCLKConfig
    main.o(i.main) refers to stm32f1xx_hal.o(i.HAL_Init) for HAL_Init
    main.o(i.main) refers to main.o(i.SystemClock_Config) for SystemClock_Config
    main.o(i.main) refers to gpio.o(i.MX_GPIO_Init) for MX_GPIO_Init
    main.o(i.main) refers to i2c.o(i.MX_I2C1_Init) for MX_I2C1_Init
    main.o(i.main) refers to tim.o(i.MX_TIM2_Init) for MX_TIM2_Init
    main.o(i.main) refers to adc.o(i.MX_ADC1_Init) for MX_ADC1_Init
    main.o(i.main) refers to spi.o(i.MX_SPI1_Init) for MX_SPI1_Init
    main.o(i.main) refers to usart.o(i.MX_USART1_UART_Init) for MX_USART1_UART_Init
    main.o(i.main) refers to stm32f1xx_hal_cortex.o(i.HAL_NVIC_SetPriority) for HAL_NVIC_SetPriority
    main.o(i.main) refers to stm32f1xx_hal_cortex.o(i.HAL_NVIC_EnableIRQ) for HAL_NVIC_EnableIRQ
    main.o(i.main) refers to driver_oled.o(i.OLED_Init) for OLED_Init
    main.o(i.main) refers to driver_oled.o(i.OLED_Clear) for OLED_Clear
    main.o(i.main) refers to driver_oled.o(i.OLED_PrintString) for OLED_PrintString
    main.o(i.main) refers to cmsis_os2.o(i.osKernelInitialize) for osKernelInitialize
    main.o(i.main) refers to freertos.o(i.MX_FREERTOS_Init) for MX_FREERTOS_Init
    main.o(i.main) refers to cmsis_os2.o(i.osKernelStart) for osKernelStart
    gpio.o(i.MX_GPIO_Init) refers to stm32f1xx_hal_gpio.o(i.HAL_GPIO_WritePin) for HAL_GPIO_WritePin
    gpio.o(i.MX_GPIO_Init) refers to stm32f1xx_hal_gpio.o(i.HAL_GPIO_Init) for HAL_GPIO_Init
    freertos.o(i.Control_Task) refers to tasks.o(i.xTaskNotifyWait) for xTaskNotifyWait
    freertos.o(i.Control_Task) refers to event_groups.o(i.xEventGroupSetBits) for xEventGroupSetBits
    freertos.o(i.Control_Task) refers to freertos.o(.data) for .data
    freertos.o(i.Display_Task) refers to driver_oled.o(i.OLED_Clear) for OLED_Clear
    freertos.o(i.Display_Task) refers to driver_oled.o(i.OLED_PrintString) for OLED_PrintString
    freertos.o(i.Display_Task) refers to queue.o(i.xQueueReceive) for xQueueReceive
    freertos.o(i.Display_Task) refers to driver_oled.o(i.OLED_PrintSignedVal) for OLED_PrintSignedVal
    freertos.o(i.Display_Task) refers to driver_oled.o(i.OLED_PrintFloat) for OLED_PrintFloat
[...]
    .conststring                             0x08006c70   Section       12  freertos.o(.conststring)
    .data                                    0x20000000   Section       44  freertos.o(.data)
    .data                                    0x2000002c   Section       12  stm32f1xx_hal.o(.data)
    .data                                    0x20000038   Section        4  system_stm32f1xx.o(.data)
    .data                                    0x2000003c   Section       60  tasks.o(.data)
    uxDeletedTasksWaitingCleanUp             0x20000040   Data           4  tasks.o(.data)
    uxCurrentNumberOfTasks                   0x20000044   Data           4  tasks.o(.data)
    xTickCount                               0x20000048   Data           4  tasks.o(.data)
    uxTopReadyPriority                       0x2000004c   Data           4  tasks.o(.data)
    xSchedulerRunning                        0x20000050   Data           4  tasks.o(.data)
    xPendedTicks                             0x20000054   Data           4  tasks.o(.data)
    xYieldPending                            0x20000058   Data           4  tasks.o(.data)
    xNumOfOverflows                          0x2000005c   Data           4  tasks.o(.data)
    uxTaskNumber                             0x20000060   Data           4  tasks.o(.data)
    xNextTaskUnblockTime                     0x20000064   Data           4  tasks.o(.data)
    xIdleTaskHandle                          0x20000068   Data           4  tasks.o(.data)
    uxSchedulerSuspended                     0x2000006c   Data           4  tasks.o(.data)
    pxDelayedTaskList                        0x20000070   Data           4  tasks.o(.data)
    pxOverflowDelayedTaskList                0x20000074   Data           4  tasks.o(.data)
    .data                                    0x20000078   Section       20  timers.o(.data)
    xTimerQueue                              0x20000078   Data           4  timers.o(.data)
    xTimerTaskHandle                         0x2000007c   Data           4  timers.o(.data)
    xLastTime                                0x20000080   Data           4  timers.o(.data)
    pxCurrentTimerList                       0x20000084   Data           4  timers.o(.data)
    pxOverflowTimerList                      0x20000088   Data           4  timers.o(.data)
    .data                                    0x2000008c   Section        4  cmsis_os2.o(.data)
    KernelState                              0x2000008c   Data           4  cmsis_os2.o(.data)
    .data                                    0x20000090   Section       32  heap_4.o(.data)
    pxEnd                                    0x20000090   Data           4  heap_4.o(.data)
    xFreeBytesRemaining                      0x20000094   Data           4  heap_4.o(.data)
    xMinimumEverFreeBytesRemaining           0x20000098   Data           4  heap_4.o(.data)
    xNumberOfSuccessfulAllocations           0x2000009c   Data           4  heap_4.o(.data)
    xNumberOfSuccessfulFrees                 0x200000a0   Data           4  heap_4.o(.data)
    xBlockAllocatedBit                       0x200000a4   Data           4  heap_4.o(.data)
    xStart                                   0x200000a8   Data           8  heap_4.o(.data)
    .data                                    0x200000b0   Section       12  port.o(.data)
    ucMaxSysCallPriority                     0x200000b0   Data           1  port.o(.data)
    uxCriticalNesting                        0x200000b4   Data           4  port.o(.data)
    ulMaxPRIGROUPValue                       0x200000b8   Data           4  port.o(.data)
    .data                                    0x200000bc   Section        4  driver_light_sensor.o(.data)
    Hadc_Sensor                              0x200000bc   Data           4  driver_light_sensor.o(.data)
    .data                                    0x200000c0   Section        8  driver_oled.o(.data)
    mem_mode                                 0x200000c0   Data           1  driver_oled.o(.data)
    g_pHI2COLED                              0x200000c4   Data           4  driver_oled.o(.data)
    .bss                                     0x200000c8   Section       48  adc.o(.bss)
    .bss                                     0x200000f8   Section       84  i2c.o(.bss)
    .bss                                     0x2000014c   Section       88  spi.o(.bss)
    .bss                                     0x200001a4   Section       72  tim.o(.bss)
    .bss                                     0x200001ec   Section       72  usart.o(.bss)
    .bss                                     0x20000234   Section       72  stm32f1xx_hal_timebase_tim.o(.bss)
    .bss                                     0x2000027c   Section       64  queue.o(.bss)
    .bss                                     0x200002bc   Section     1220  tasks.o(.bss)
    pxReadyTasksLists                        0x200002bc   Data        1120  tasks.o(.bss)
    xDelayedTaskList1                        0x2000071c   Data          20  tasks.o(.bss)
    xDelayedTaskList2                        0x20000730   Data          20  tasks.o(.bss)
    xPendingReadyList                        0x20000744   Data          20  tasks.o(.bss)
    xTasksWaitingTermination                 0x20000758   Data          20  tasks.o(.bss)
    xSuspendedTaskList                       0x2000076c   Data          20  tasks.o(.bss)
    .bss                                     0x20000780   Section      284  timers.o(.bss)
    xStaticTimerQueue                        0x20000780   Data          84  timers.o(.bss)
    ucStaticTimerQueueStorage                0x200007d4   Data         160  timers.o(.bss)
    xActiveTimerList1                        0x20000874   Data          20  timers.o(.bss)
    xActiveTimerList2                        0x20000888   Data          20  timers.o(.bss)
    .bss                                     0x2000089c   Section     1720  cmsis_os2.o(.bss)
    Idle_TCB                                 0x2000089c   Data          92  cmsis_os2.o(.bss)
    Idle_Stack                               0x200008f8   Data         512  cmsis_os2.o(.bss)
    Timer_TCB                                0x20000af8   Data          92  cmsis_os2.o(.bss)
    Timer_Stack                              0x20000b54   Data        1024  cmsis_os2.o(.bss)
    .bss                                     0x20000f54   Section     3072  heap_4.o(.bss)
    ucHeap                                   0x20000f54   Data        3072  heap_4.o(.bss)
    .bss                                     0x20001b54   Section       96  libspace.o(.bss)
    HEAP                                     0x20001bb8   Section      512  startup_stm32f103xb.o(HEAP)
    Heap_Mem                                 0x20001bb8   Data         512  startup_stm32f103xb.o(HEAP)
    STACK                                    0x20001db8   Section     1024  startup_stm32f103xb.o(STACK)
    Stack_Mem                                0x20001db8   Data        1024  startup_stm32f103xb.o(STACK)
    __initial_sp                             0x200021b8   Data           0  startup_stm32f103xb.o(STACK)

    Global Symbols

    Symbol Name                              Value     Ov Type        Size  Object(Section)

    BuildAttributes$$THM_ISAv4$P$D$K$B$S$PE$A:L22UL41UL21$X:L11$S22US41US21$IEEE1$IW$USESV6$~STKCKD$USESV7$~SHL$OSPACE$ROPI$EBA8$UX$STANDARDLIB$REQ8$PRES8$EABIv2 0x00000000   Number         0  anon$$obj.o ABSOLUTE
    __ARM_use_no_argv                        0x00000000   Number         0  main.o ABSOLUTE
    __ARM_exceptions_init                     - Undefined Weak Reference
    __alloca_initialize                       - Undefined Weak Reference
    __arm_preinit_                            - Undefined Weak Reference
    __cpp_initialize__aeabi_                  - Undefined Weak Reference
    __cxa_finalize                            - Undefined Weak Reference
    __rt_locale                               - Undefined Weak Reference
    __sigvec_lookup                           - Undefined Weak Reference
    _atexit_init                              - Undefined Weak Reference
    _call_atexit_fns                          - Undefined Weak Reference
    _clock_init                               - Undefined Weak Reference
    _fp_trap_init                             - Undefined Weak Reference
    _fp_trap_shutdown                         - Undefined Weak Reference
    _get_lc_collate                           - Undefined Weak Reference
    _get_lc_ctype                             - Undefined Weak Reference
    _get_lc_monetary                          - Undefined Weak Reference
    _get_lc_numeric                           - Undefined Weak Reference
    _get_lc_time                              - Undefined Weak Reference
    _getenv_init                              - Undefined Weak Reference
    _handle_redirection                       - Undefined Weak Reference
    _init_alloc                               - Undefined Weak Reference
    _init_user_alloc                          - Undefined Weak Reference
    _initio                                   - Undefined Weak Reference
    _rand_init                                - Undefined Weak Reference
    _signal_finish                            - Undefined Weak Reference
    _signal_init                              - Undefined Weak Reference
    _terminate_alloc                          - Undefined Weak Reference
    _terminate_user_alloc                     - Undefined Weak Reference
    _terminateio                              - Undefined Weak Reference
    __Vectors_Size                           0x000000ec   Number         0  startup_stm32f103xb.o ABSOLUTE
    __Vectors                                0x08000000   Data           4  startup_stm32f103xb.o(RESET)
    __Vectors_End                            0x080000ec   Data           0  startup_stm32f103xb.o(RESET)
    __main                                   0x080000ed   Thumb Code     8  __main.o(!!!main)
    __scatterload                            0x080000f5   Thumb Code     0  __scatter.o(!!!scatter)
    __scatterload_rt2                        0x080000f5   Thumb Code    44  __scatter.o(!!!scatter)
    __scatterload_rt2_thumb_only             0x080000f5   Thumb Code     0  __scatter.o(!!!scatter)
    __scatterload_null                       0x08000103   Thumb Code     0  __scatter.o(!!!scatter)
    __scatterload_copy                       0x08000129   Thumb Code    26  __scatter_copy.o(!!handler_copy)
    __scatterload_zeroinit                   0x08000145   Thumb Code    28  __scatter_zi.o(!!handler_zi)
    __rt_lib_init                            0x08000161   Thumb Code     0  libinit.o(.ARM.Collect$$libinit$$00000000)
    __rt_lib_init_alloca_1                   0x08000163   Thumb Code     0  libinit2.o(.ARM.Collect$$libinit$$0000002E)
    __rt_lib_init_argv_1                     0x08000163   Thumb Code     0  libinit2.o(.ARM.Collect$$libinit$$0000002C)
    __rt_lib_init_atexit_1                   0x08000163   Thumb Code     0  libinit2.o(.ARM.Collect$$libinit$$0000001B)
    __rt_lib_init_clock_1                    0x08000163   Thumb Code     0  libinit2.o(.ARM.Collect$$libinit$$00000021)
    __rt_lib_init_cpp_1                      0x08000163   Thumb Code     0  libinit2.o(.ARM.Collect$$libinit$$00000032)
    __rt_lib_init_exceptions_1               0x08000163   Thumb Code     0  libinit2.o(.ARM.Collect$$libinit$$00000030)
    __rt_lib_init_fp_1                       0x08000163   Thumb Code     0  libinit2.o(.ARM.Collect$$libinit$$00000002)
    __rt_lib_init_fp_trap_1                  0x08000163   Thumb Code     0  libinit2.o(.ARM.Collect$$libinit$$0000001F)
    __rt_lib_init_getenv_1                   0x08000163   Thumb Code     0  libinit2.o(.ARM.Collect$$libinit$$00000023)
    __rt_lib_init_heap_1                     0x08000163   Thumb Code     0  libinit2.o(.ARM.Collect$$libinit$$0000000A)
    __rt_lib_init_lc_collate_1               0x08000163   Thumb Code     0  libinit2.o(.ARM.Collect$$libinit$$00000011)
    __rt_lib_init_lc_ctype_1                 0x08000163   Thumb Code     0  libinit2.o(.ARM.Collect$$libinit$$00000013)
    __rt_lib_init_lc_monetary_1              0x08000163   Thumb Code     0  libinit2.o(.ARM.Collect$$libinit$$00000015)
    __rt_lib_init_lc_numeric_1               0x08000163   Thumb Code     0  libinit2.o(.ARM.Collect$$libinit$$00000017)
    __rt_lib_init_lc_time_1                  0x08000163   Thumb Code     0  libinit2.o(.ARM.Collect$$libinit$$00000019)
    __rt_lib_init_preinit_1                  0x08000163   Thumb Code     0  libinit2.o(.ARM.Collect$$libinit$$00000004)
    __rt_lib_init_rand_1                     0x08000163   Thumb Code     0  libinit2.o(.ARM.Collect$$libinit$$0000000E)
    __rt_lib_init_return                     0x08000163   Thumb Code     0  libinit2.o(.ARM.Collect$$libinit$$00000033)
    __rt_lib_init_signal_1                   0x08000163   Thumb Code     0  libinit2.o(.ARM.Collect$$libinit$$0000001D)
    __rt_lib_init_stdio_1                    0x08000163   Thumb Code     0  libinit2.o(.ARM.Collect$$libinit$$00000025)
    __rt_lib_init_user_alloc_1               0x08000163   Thumb Code     0  libinit2.o(.ARM.Collect$$libinit$$0000000C)
    __rt_lib_shutdown                        0x08000165   Thumb Code     0  libshutdown.o(.ARM.Collect$$libshutdown$$00000000)
    __rt_lib_shutdown_cpp_1                  0x08000167   Thumb Code     0  libshutdown2.o(.ARM.Collect$$libshutdown$$00000002)
    __rt_lib_shutdown_fp_trap_1              0x08000167   Thumb Code     0  libshutdown2.o(.ARM.Collect$$libshutdown$$00000007)
    __rt_lib_shutdown_heap_1                 0x08000167   Thumb Code     0  libshutdown2.o(.ARM.Collect$$libshutdown$$0000000F)
    __rt_lib_shutdown_return                 0x08000167   Thumb Code     0  libshutdown2.o(.ARM.Collect$$libshutdown$$00000010)
    __rt_lib_shutdown_signal_1               0x08000167   Thumb Code     0  libshutdown2.o(.ARM.Collect$$libshutdown$$0000000A)
    __rt_lib_shutdown_stdio_1                0x08000167   Thumb Code     0  libshutdown2.o(.ARM.Collect$$libshutdown$$00000004)
    __rt_lib_shutdown_user_alloc_1           0x08000167   Thumb Code     0  libshutdown2.o(.ARM.Collect$$libshutdown$$0000000C)
    __rt_entry                               0x08000169   Thumb Code     0  __rtentry.o(.ARM.Collect$$rtentry$$00000000)
    __rt_entry_presh_1                       0x08000169   Thumb Code     0  __rtentry2.o(.ARM.Collect$$rtentry$$00000002)
    __rt_entry_sh                            0x08000169   Thumb Code     0  __rtentry4.o(.ARM.Collect$$rtentry$$00000004)
    __rt_entry_li                            0x0800016f   Thumb Code     0  __rtentry2.o(.ARM.Collect$$rtentry$$0000000A)
    __rt_entry_postsh_1                      0x0800016f   Thumb Code     0  __rtentry2.o(.ARM.Collect$$rtentry$$00000009)
    __rt_entry_main                          0x08000173   Thumb Code     0  __rtentry2.o(.ARM.Collect$$rtentry$$0000000D)
    __rt_entry_postli_1                      0x08000173   Thumb Code     0  __rtentry2.o(.ARM.Collect$$rtentry$$0000000C)
    __rt_exit                                0x0800017b   Thumb Code     0  rtexit.o(.ARM.Collect$$rtexit$$00000000)
    __rt_exit_ls                             0x0800017d   Thumb Code     0  rtexit2.o(.ARM.Collect$$rtexit$$00000003)
    __rt_exit_prels_1                        0x0800017d   Thumb Code     0  rtexit2.o(.ARM.Collect$$rtexit$$00000002)
    __rt_exit_exit                           0x08000181   Thumb Code     0  rtexit2.o(.ARM.Collect$$rtexit$$00000004)
    SVC_Handler                              0x08000189   Thumb Code    32  port.o(.emb_text)
    __asm___6_port_c_39a90d8d__prvStartFirstTask 0x080001ad   Thumb Code    28  port.o(.emb_text)
    PendSV_Handler                           0x080001cd   Thumb Code    72  port.o(.emb_text)
    vPortGetIPSR                             0x08000219   Thumb Code     6  port.o(.emb_text)
    Reset_Handler                            0x08000221   Thumb Code     8  startup_stm32f103xb.o(.text)
    ADC1_2_IRQHandler                        0x0800023b   Thumb Code     0  startup_stm32f103xb.o(.text)
    CAN1_RX1_IRQHandler                      0x0800023b   Thumb Code     0  startup_stm32f103xb.o(.text)
    CAN1_SCE_IRQHandler                      0x0800023b   Thumb Code     0  startup_stm32f103xb.o(.text)
    DMA1_Channel1_IRQHandler                 0x0800023b   Thumb Code     0  startup_stm32f103xb.o(.text)
    DMA1_Channel2_IRQHandler                 0x0800023b   Thumb Code     0  startup_stm32f103xb.o(.text)
    DMA1_Channel3_IRQHandler                 0x0800023b   Thumb Code     0  startup_stm32f103xb.o(.text)
    DMA1_Channel4_IRQHandler                 0x0800023b   Thumb Code     0  startup_stm32f103xb.o(.text)
    DMA1_Channel5_IRQHandler                 0x0800023b   Thumb Code     0  startup_stm32f103xb.o(.text)
    DMA1_Channel6_IRQHandler                 0x0800023b   Thumb Code     0  startup_stm32f103xb.o(.text)
    DMA1_Channel7_IRQHandler                 0x0800023b   Thumb Code     0  startup_stm32f103xb.o(.text)
    EXTI0_IRQHandler                         0x0800023b   Thumb Code     0  startup_stm32f103xb.o(.text)
    EXTI1_IRQHandler                         0x0800023b   Thumb Code     0  startup_stm32f103xb.o(.text)
    EXTI2_IRQHandler                         0x0800023b   Thumb Code     0  startup_stm32f103xb.o(.text)
    EXTI3_IRQHandler                         0x0800023b   Thumb Code     0  startup_stm32f103xb.o(.text)
    EXTI4_IRQHandler                         0x0800023b   Thumb Code     0  startup_stm32f103xb.o(.text)
    EXTI9_5_IRQHandler                       0x0800023b   Thumb Code     0  startup_stm32f103xb.o(.text)
    FLASH_IRQHandler                         0x0800023b   Thumb Code     0  startup_stm32f103xb.o(.text)
    I2C1_ER_IRQHandler                       0x0800023b   Thumb Code     0  startup_stm32f103xb.o(.text)
    I2C1_EV_IRQHandler                       0x0800023b   Thumb Code     0  startup_stm32f103xb.o(.text)
    I2C2_ER_IRQHandler                       0x0800023b   Thumb Code     0  startup_stm32f103xb.o(.text)
    I2C2_EV_IRQHandler                       0x0800023b   Thumb Code     0  startup_stm32f103xb.o(.text)
    PVD_IRQHandler                           0x0800023b   Thumb Code     0  startup_stm32f103xb.o(.text)
    RCC_IRQHandler                           0x0800023b   Thumb Code     0  startup_stm32f103xb.o(.text)
    RTC_Alarm_IRQHandler                     0x0800023b   Thumb Code     0  startup_stm32f103xb.o(.text)
    RTC_IRQHandler                           0x0800023b   Thumb Code     0  startup_stm32f103xb.o(.text)
    SPI1_IRQHandler                          0x0800023b   Thumb Code     0  startup_stm32f103xb.o(.text)
    SPI2_IRQHandler                          0x0800023b   Thumb Code     0  startup_stm32f103xb.o(.text)
    TAMPER_IRQHandler                        0x0800023b   Thumb Code     0  startup_stm32f103xb.o(.text)
    TIM1_BRK_IRQHandler                      0x0800023b   Thumb Code     0  startup_stm32f103xb.o(.text)
    TIM1_CC_IRQHandler                       0x0800023b   Thumb Code     0  startup_stm32f103xb.o(.text)
    TIM1_TRG_COM_IRQHandler                  0x0800023b   Thumb Code     0  startup_stm32f103xb.o(.text)
    TIM1_UP_IRQHandler                       0x0800023b   Thumb Code     0  startup_stm32f103xb.o(.text)
    TIM3_IRQHandler                          0x0800023b   Thumb Code     0  startup_stm32f103xb.o(.text)
    USART2_IRQHandler                        0x0800023b   Thumb Code     0  startup_stm32f103xb.o(.text)
    USART3_IRQHandler                        0x0800023b   Thumb Code     0  startup_stm32f103xb.o(.text)
    USBWakeUp_IRQHandler                     0x0800023b   Thumb Code     0  startup_stm32f103xb.o(.text)
    USB_HP_CAN1_TX_IRQHandler                0x0800023b   Thumb Code     0  startup_stm32f103xb.o(.text)
    USB_LP_CAN1_RX0_IRQHandler               0x0800023b   Thumb Code     0  startup_stm32f103xb.o(.text)
    WWDG_IRQHandler                          0x0800023b   Thumb Code     0  startup_stm32f103xb.o(.text)
    __user_initial_stackheap                 0x0800023d   Thumb Code     0  startup_stm32f103xb.o(.text)
    __aeabi_memcpy                           0x08000261   Thumb Code     0  rt_memcpy_v6.o(.text)
    __rt_memcpy                              0x08000261   Thumb Code   138  rt_memcpy_v6.o(.text)
    _memcpy_lastbytes                        0x080002c7   Thumb Code     0  rt_memcpy_v6.o(.text)
    __aeabi_memset                           0x080002eb   Thumb Code    16  aeabi_memset.o(.text)
    __aeabi_memclr4                          0x080002fb   Thumb Code     0  rt_memclr_w.o(.text)
    __aeabi_memclr8                          0x080002fb   Thumb Code     0  rt_memclr_w.o(.text)
    __rt_memclr_w                            0x080002fb   Thumb Code    78  rt_memclr_w.o(.text)
    _memset_w                                0x080002ff   Thumb Code     0  rt_memclr_w.o(.text)
    __use_two_region_memory                  0x08000349   Thumb Code     2  heapauxi.o(.text)
    __rt_heap_escrow$2region                 0x0800034b   Thumb Code     2  heapauxi.o(.text)
    __rt_heap_expand$2region                 0x0800034d   Thumb Code     2  heapauxi.o(.text)
    __aeabi_memcpy4                          0x0800034f   Thumb Code     0  rt_memcpy_w.o(.text)
    __aeabi_memcpy8                          0x0800034f   Thumb Code     0  rt_memcpy_w.o(.text)
    __rt_memcpy_w                            0x0800034f   Thumb Code   100  rt_memcpy_w.o(.text)
    _memcpy_lastbytes_aligned                0x08000397   Thumb Code     0  rt_memcpy_w.o(.text)
    __aeabi_memclr                           0x080003b3   Thumb Code     0  rt_memclr.o(.text)
    __rt_memclr                              0x080003b3   Thumb Code    68  rt_memclr.o(.text)
    _memset                                  0x080003b7   Thumb Code     0  rt_memclr.o(.text)
    __user_setup_stackheap                   0x080003f7   Thumb Code    74  sys_stackheap_outer.o(.text)
    exit                                     0x08000441   Thumb Code    18  exit.o(.text)
    __user_libspace                          0x08000455   Thumb Code     8  libspace.o(.text)
    __user_perproc_libspace                  0x08000455   Thumb Code     0  libspace.o(.text)
    __user_perthread_libspace                0x08000455   Thumb Code     0  libspace.o(.text)
    _sys_exit                                0x0800045d   Thumb Code     8  sys_exit.o(.text)
    __I$use$semihosting                      0x08000469   Thumb Code     0  use_no_semi.o(.text)
    __use_no_semihosting_swi                 0x08000469   Thumb Code     2  use_no_semi.o(.text)
    __semihosting_library_function           0x0800046b   Thumb Code     0  indicate_semi.o(.text)
    ADC_ConversionStop_Disable               0x0800046d   Thumb Code    86  stm32f1xx_hal_adc.o(i.ADC_ConversionStop_Disable)
    ADC_Enable                               0x080004c5   Thumb Code   114  stm32f1xx_hal_adc.o(i.ADC_Enable)
    BusFault_Handler                         0x08000541   Thumb Code     2  stm32f1xx_it.o(i.BusFault_Handler)
    Control_Task                             0x08000545   Thumb Code    50  freertos.o(i.Control_Task)
    DHT11_Check                              0x0800057d   Thumb Code   106  driver_dht11.o(i.DHT11_Check)
    DHT11_Init                               0x080005ed   Thumb Code    64  driver_dht11.o(i.DHT11_Init)
    DHT11_Read_Bit                           0x08000635   Thumb Code   110  driver_dht11.o(i.DHT11_Read_Bit)
    DHT11_Read_Byte                          0x080006a9   Thumb Code    42  driver_dht11.o(i.DHT11_Read_Byte)
    DHT11_Read_Result                        0x080006d5   Thumb Code   172  driver_dht11.o(i.DHT11_Read_Result)
    DHT11_Start                              0x08000785   Thumb Code    48  driver_dht11.o(i.DHT11_Start)
    DebugMon_Handler                         0x080007b9   Thumb Code     2  stm32f1xx_it.o(i.DebugMon_Handler)
    Display_Task                             0x080007f5   Thumb Code   108  freertos.o(i.Display_Task)
    EXTI15_10_IRQHandler                     0x0800087d   Thumb Code    22  stm32f1xx_it.o(i.EXTI15_10_IRQHandler)
    Error_Handler                            0x08000893   Thumb Code     4  main.o(i.Error_Handler)
    HAL_ADCEx_Calibration_Start              0x08000899   Thumb Code   210  stm32f1xx_hal_adc_ex.o(i.HAL_ADCEx_Calibration_Start)
    HAL_ADC_ConfigChannel                    0x08000971   Thumb Code   240  stm32f1xx_hal_adc.o(i.HAL_ADC_ConfigChannel)
    HAL_ADC_GetValue                         0x08000a6d   Thumb Code     6  stm32f1xx_hal_adc.o(i.HAL_ADC_GetValue)
    HAL_ADC_Init                             0x08000a75   Thumb Code   272  stm32f1xx_hal_adc.o(i.HAL_ADC_Init)
    HAL_ADC_MspInit                          0x08000b91   Thumb Code    76  adc.o(i.HAL_ADC_MspInit)
    HAL_ADC_PollForConversion                0x08000be9   Thumb Code   304  stm32f1xx_hal_adc.o(i.HAL_ADC_PollForConversion)
    HAL_ADC_Start                            0x08000d25   Thumb Code   184  stm32f1xx_hal_adc.o(i.HAL_ADC_Start)
    HAL_DMA_Abort                            0x08000de5   Thumb Code    70  stm32f1xx_hal_dma.o(i.HAL_DMA_Abort)
    HAL_DMA_Abort_IT                         0x08000e2d   Thumb Code   148  stm32f1xx_hal_dma.o(i.HAL_DMA_Abort_IT)
    HAL_Delay                                0x08000ec5   Thumb Code    32  stm32f1xx_hal.o(i.HAL_Delay)
    HAL_GPIO_EXTI_Callback                   0x08000ee9   Thumb Code    36  freertos.o(i.HAL_GPIO_EXTI_Callback)
    HAL_GPIO_EXTI_IRQHandler                 0x08000f11   Thumb Code    18  stm32f1xx_hal_gpio.o(i.HAL_GPIO_EXTI_IRQHandler)
    HAL_GPIO_Init                            0x08000f29   Thumb Code   446  stm32f1xx_hal_gpio.o(i.HAL_GPIO_Init)
    HAL_GPIO_ReadPin                         0x08001109   Thumb Code    10  stm32f1xx_hal_gpio.o(i.HAL_GPIO_ReadPin)
    HAL_GPIO_TogglePin                       0x08001113   Thumb Code    16  stm32f1xx_hal_gpio.o(i.HAL_GPIO_TogglePin)
    HAL_GPIO_WritePin                        0x08001123   Thumb Code    10  stm32f1xx_hal_gpio.o(i.HAL_GPIO_WritePin)
    HAL_GetTick                              0x0800112d   Thumb Code     6  stm32f1xx_hal.o(i.HAL_GetTick)
    HAL_I2C_Init                             0x08001139   Thumb Code   376  stm32f1xx_hal_i2c.o(i.HAL_I2C_Init)
    HAL_I2C_Master_Transmit                  0x080012c1   Thumb Code   290  stm32f1xx_hal_i2c.o(i.HAL_I2C_Master_Transmit)
    HAL_I2C_Mem_Write                        0x080013ed   Thumb Code   294  stm32f1xx_hal_i2c.o(i.HAL_I2C_Mem_Write)
    HAL_I2C_MspInit                          0x0800151d   Thumb Code    80  i2c.o(i.HAL_I2C_MspInit)
    HAL_IncTick                              0x08001579   Thumb Code    12  stm32f1xx_hal.o(i.HAL_IncTick)
    HAL_Init                                 0x08001589   Thumb Code    32  stm32f1xx_hal.o(i.HAL_Init)
    HAL_InitTick                             0x080015ad   Thumb Code   132  stm32f1xx_hal_timebase_tim.o(i.HAL_InitTick)
    HAL_MspInit                              0x08001645   Thumb Code    62  stm32f1xx_hal_msp.o(i.HAL_MspInit)
    HAL_NVIC_EnableIRQ                       0x0800168d   Thumb Code    26  stm32f1xx_hal_cortex.o(i.HAL_NVIC_EnableIRQ)
    HAL_NVIC_SetPriority                     0x080016a9   Thumb Code    60  stm32f1xx_hal_cortex.o(i.HAL_NVIC_SetPriority)
    HAL_NVIC_SetPriorityGrouping             0x080016e9   Thumb Code    26  stm32f1xx_hal_cortex.o(i.HAL_NVIC_SetPriorityGrouping)
    HAL_RCCEx_GetPeriphCLKFreq               0x0800170d   Thumb Code   148  stm32f1xx_hal_rcc_ex.o(i.HAL_RCCEx_GetPeriphCLKFreq)
    HAL_RCCEx_PeriphCLKConfig                0x080017b1   Thumb Code   224  stm32f1xx_hal_rcc_ex.o(i.HAL_RCCEx_PeriphCLKConfig)
    HAL_RCC_ClockConfig                      0x0800189d   Thumb Code   280  stm32f1xx_hal_rcc.o(i.HAL_RCC_ClockConfig)
    HAL_RCC_GetClockConfig                   0x080019c9   Thumb Code    54  stm32f1xx_hal_rcc.o(i.HAL_RCC_GetClockConfig)
    HAL_RCC_GetPCLK1Freq                     0x08001a09   Thumb Code    20  stm32f1xx_hal_rcc.o(i.HAL_RCC_GetPCLK1Freq)
    HAL_RCC_GetPCLK2Freq                     0x08001a29   Thumb Code    20  stm32f1xx_hal_rcc.o(i.HAL_RCC_GetPCLK2Freq)
    HAL_RCC_GetSysClockFreq                  0x08001a49   Thumb Code    58  stm32f1xx_hal_rcc.o(i.HAL_RCC_GetSysClockFreq)
    HAL_RCC_OscConfig                        0x08001a95   Thumb Code   778  stm32f1xx_hal_rcc.o(i.HAL_RCC_OscConfig)
    HAL_SPI_Init                             0x08001db5   Thumb Code   178  stm32f1xx_hal_spi.o(i.HAL_SPI_Init)
    HAL_SPI_MspInit                          0x08001e69   Thumb Code    98  spi.o(i.HAL_SPI_MspInit)
    HAL_TIMEx_BreakCallback                  0x08001ed9   Thumb Code     2  stm32f1xx_hal_tim_ex.o(i.HAL_TIMEx_BreakCallback)
    HAL_TIMEx_CommutCallback                 0x08001edb   Thumb Code     2  stm32f1xx_hal_tim_ex.o(i.HAL_TIMEx_CommutCallback)
    HAL_TIMEx_MasterConfigSynchronization    0x08001edd   Thumb Code    92  stm32f1xx_hal_tim_ex.o(i.HAL_TIMEx_MasterConfigSynchronization)
    HAL_TIM_Base_Init                        0x08001f45   Thumb Code    90  stm32f1xx_hal_tim.o(i.HAL_TIM_Base_Init)
    HAL_TIM_Base_MspInit                     0x08001fa1   Thumb Code    30  tim.o(i.HAL_TIM_Base_MspInit)
    HAL_TIM_Base_Start_IT                    0x08001fc5   Thumb Code    76  stm32f1xx_hal_tim.o(i.HAL_TIM_Base_Start_IT)
    HAL_TIM_ConfigClockSource                0x0800201d   Thumb Code   220  stm32f1xx_hal_tim.o(i.HAL_TIM_ConfigClockSource)
    HAL_TIM_IC_CaptureCallback               0x080020f9   Thumb Code     2  stm32f1xx_hal_tim.o(i.HAL_TIM_IC_CaptureCallback)
    HAL_TIM_IRQHandler                       0x080020fb   Thumb Code   304  stm32f1xx_hal_tim.o(i.HAL_TIM_IRQHandler)
    HAL_TIM_MspPostInit                      0x0800222d   Thumb Code    60  tim.o(i.HAL_TIM_MspPostInit)
    HAL_TIM_OC_DelayElapsedCallback          0x08002271   Thumb Code     2  stm32f1xx_hal_tim.o(i.HAL_TIM_OC_DelayElapsedCallback)
    HAL_TIM_PWM_ConfigChannel                0x08002273   Thumb Code   204  stm32f1xx_hal_tim.o(i.HAL_TIM_PWM_ConfigChannel)
    HAL_TIM_PWM_Init                         0x0800233f   Thumb Code    90  stm32f1xx_hal_tim.o(i.HAL_TIM_PWM_Init)
    HAL_TIM_PWM_MspInit                      0x08002399   Thumb Code     2  stm32f1xx_hal_tim.o(i.HAL_TIM_PWM_MspInit)
    HAL_TIM_PWM_PulseFinishedCallback        0x0800239b   Thumb Code     2  stm32f1xx_hal_tim.o(i.HAL_TIM_PWM_PulseFinishedCallback)
    HAL_TIM_PeriodElapsedCallback            0x0800239d   Thumb Code    14  main.o(i.HAL_TIM_PeriodElapsedCallback)
    HAL_TIM_TriggerCallback                  0x080023b1   Thumb Code     2  stm32f1xx_hal_tim.o(i.HAL_TIM_TriggerCallback)
    HAL_UARTEx_RxEventCallback               0x080023b3   Thumb Code     2  stm32f1xx_hal_uart.o(i.HAL_UARTEx_RxEventCallback)
    HAL_UART_ErrorCallback                   0x080023b5   Thumb Code     2  stm32f1xx_hal_uart.o(i.HAL_UART_ErrorCallback)
    HAL_UART_IRQHandler                      0x080023b9   Thumb Code   616  stm32f1xx_hal_uart.o(i.HAL_UART_IRQHandler)
    HAL_UART_Init                            0x08002625   Thumb Code   100  stm32f1xx_hal_uart.o(i.HAL_UART_Init)
    HAL_UART_MspInit                         0x08002689   Thumb Code   116  usart.o(i.HAL_UART_MspInit)
    HAL_UART_RxCpltCallback                  0x08002709   Thumb Code     2  stm32f1xx_hal_uart.o(i.HAL_UART_RxCpltCallback)
    HAL_UART_TxCpltCallback                  0x0800270b   Thumb Code     2  stm32f1xx_hal_uart.o(i.HAL_UART_TxCpltCallback)
    HardFault_Handler                        0x0800270d   Thumb Code     2  stm32f1xx_it.o(i.HardFault_Handler)
    Key_Init                                 0x08002a7d   Thumb Code    68  driver_key.o(i.Key_Init)
    Key_Task                                 0x08002acd   Thumb Code   104  freertos.o(i.Key_Task)
    LED_Task                                 0x08002b3d   Thumb Code    54  freertos.o(i.LED_Task)
    Led_Init                                 0x08002b79   Thumb Code    64  driver_led.o(i.Led_Init)
    Led_Off                                  0x08002bc1   Thumb Code    12  driver_led.o(i.Led_Off)
    Led_On                                   0x08002bd1   Thumb Code    10  driver_led.o(i.Led_On)
    Led_Turn                                 0x08002be1   Thumb Code    10  driver_led.o(i.Led_Turn)
    LightSensor_Init                         0x08002bf1   Thumb Code     8  driver_light_sensor.o(i.LightSensor_Init)
    LightSensor_Read                         0x08002bfd   Thumb Code    42  driver_light_sensor.o(i.LightSensor_Read)
    MX_ADC1_Init                             0x08002c2d   Thumb Code    70  adc.o(i.MX_ADC1_Init)
    MX_FREERTOS_Init                         0x08002c7d   Thumb Code    84  freertos.o(i.MX_FREERTOS_Init)
    MX_GPIO_Init                             0x08002cdd   Thumb Code   222  gpio.o(i.MX_GPIO_Init)
    MX_I2C1_Init                             0x08002dd1   Thumb Code    50  i2c.o(i.MX_I2C1_Init)
    MX_SPI1_Init                             0x08002e11   Thumb Code    62  spi.o(i.MX_SPI1_Init)
    MX_TIM2_Init                             0x08002e59   Thumb Code   144  tim.o(i.MX_TIM2_Init)
    MX_USART1_UART_Init                      0x08002eed   Thumb Code    48  usart.o(i.MX_USART1_UART_Init)
    MemManage_Handler                        0x08002f25   Thumb Code     2  stm32f1xx_it.o(i.MemManage_Handler)
    NMI_Handler                              0x08002f27   Thumb Code     2  stm32f1xx_it.o(i.NMI_Handler)
    OLED_Clear                               0x08002f29   Thumb Code    42  driver_oled.o(i.OLED_Clear)
    OLED_Init                                0x08002f55   Thumb Code   142  driver_oled.o(i.OLED_Init)
    OLED_PrintFloat                          0x08002fe9   Thumb Code   158  driver_oled.o(i.OLED_PrintFloat)
    OLED_PrintSignedVal                      0x08003095   Thumb Code   126  driver_oled.o(i.OLED_PrintSignedVal)
    OLED_PrintString                         0x08003113   Thumb Code    50  driver_oled.o(i.OLED_PrintString)
    OLED_PutChar                             0x08003145   Thumb Code    66  driver_oled.o(i.OLED_PutChar)
    OLED_SetPosition                         0x080031b9   Thumb Code    58  driver_oled.o(i.OLED_SetPosition)
    Sensor_Task                              0x08003241   Thumb Code   102  freertos.o(i.Sensor_Task)
    StartDefaultTask                         0x080032ad   Thumb Code   126  freertos.o(i.StartDefaultTask)
    SysTick_Handler                          0x08003391   Thumb Code    26  cmsis_os2.o(i.SysTick_Handler)
    SystemClock_Config                       0x080033ab   Thumb Code   120  main.o(i.SystemClock_Config)
    SystemInit                               0x08003423   Thumb Code     2  system_stm32f1xx.o(i.SystemInit)
    TIM2_IRQHandler                          0x08003425   Thumb Code     6  stm32f1xx_it.o(i.TIM2_IRQHandler)
    TIM4_IRQHandler                          0x08003431   Thumb Code     6  stm32f1xx_it.o(i.TIM4_IRQHandler)
    TIM_Base_SetConfig                       0x0800343d   Thumb Code   108  stm32f1xx_hal_tim.o(i.TIM_Base_SetConfig)
    TIM_ETR_SetConfig                        0x080034b5   Thumb Code    20  stm32f1xx_hal_tim.o(i.TIM_ETR_SetConfig)
    TIM_OC2_SetConfig                        0x08003529   Thumb Code    84  stm32f1xx_hal_tim.o(i.TIM_OC2_SetConfig)
    USART1_IRQHandler                        0x0800383d   Thumb Code     6  stm32f1xx_it.o(i.USART1_IRQHandler)
    UsageFault_Handler                       0x08003849   Thumb Code     2  stm32f1xx_it.o(i.UsageFault_Handler)
    main                                     0x0800386d   Thumb Code    96  main.o(i.main)
    osKernelInitialize                       0x080038e1   Thumb Code    32  cmsis_os2.o(i.osKernelInitialize)
    osKernelStart                            0x08003905   Thumb Code    48  cmsis_os2.o(i.osKernelStart)
    osThreadNew                              0x0800393d   Thumb Code   138  cmsis_os2.o(i.osThreadNew)
    pvPortMalloc                             0x080041ed   Thumb Code   216  heap_4.o(i.pvPortMalloc)
    pvTaskIncrementMutexHeldCount            0x080042c9   Thumb Code    18  tasks.o(i.pvTaskIncrementMutexHeldCount)
    pxPortInitialiseStack                    0x080042e1   Thumb Code    32  port.o(i.pxPortInitialiseStack)
    uxListRemove                             0x08004305   Thumb Code    38  list.o(i.uxListRemove)
    uxTaskResetEventItemValue                0x0800432d   Thumb Code    20  tasks.o(i.uxTaskResetEventItemValue)
    vApplicationGetIdleTaskMemory            0x08004345   Thumb Code    16  cmsis_os2.o(i.vApplicationGetIdleTaskMemory)
    vApplicationGetTimerTaskMemory           0x08004359   Thumb Code    18  cmsis_os2.o(i.vApplicationGetTimerTaskMemory)
    vListInitialise                          0x08004371   Thumb Code    22  list.o(i.vListInitialise)
    vListInitialiseItem                      0x08004387   Thumb Code     6  list.o(i.vListInitialiseItem)
    vListInsert                              0x0800438d   Thumb Code    48  list.o(i.vListInsert)
    vListInsertEnd                           0x080043bd   Thumb Code    24  list.o(i.vListInsertEnd)
    vPortEnterCritical                       0x080043d5   Thumb Code    54  port.o(i.vPortEnterCritical)
    vPortExitCritical                        0x08004415   Thumb Code    34  port.o(i.vPortExitCritical)
    vPortFree                                0x0800443d   Thumb Code    94  heap_4.o(i.vPortFree)
    vPortSetupTimerInterrupt                 0x080044a1   Thumb Code    32  port.o(i.vPortSetupTimerInterrupt)
    vPortValidateInterruptPriority           0x080044c5   Thumb Code    74  port.o(i.vPortValidateInterruptPriority)
    vQueueAddToRegistry                      0x08004519   Thumb Code    34  queue.o(i.vQueueAddToRegistry)
    vQueueWaitForMessageRestricted           0x08004541   Thumb Code    68  queue.o(i.vQueueWaitForMessageRestricted)
    vTaskDelay                               0x08004585   Thumb Code    66  tasks.o(i.vTaskDelay)
    vTaskDelete                              0x080045d1   Thumb Code   130  tasks.o(i.vTaskDelete)
    vTaskInternalSetTimeOutState             0x08004661   Thumb Code    12  tasks.o(i.vTaskInternalSetTimeOutState)
    vTaskMissedYield                         0x08004671   Thumb Code     8  tasks.o(i.vTaskMissedYield)
    vTaskPlaceOnEventList                    0x0800467d   Thumb Code    44  tasks.o(i.vTaskPlaceOnEventList)
    vTaskPlaceOnEventListRestricted          0x080046ad   Thumb Code    52  tasks.o(i.vTaskPlaceOnEventListRestricted)
    vTaskPlaceOnUnorderedEventList           0x080046e5   Thumb Code    76  tasks.o(i.vTaskPlaceOnUnorderedEventList)
    vTaskPriorityDisinheritAfterTimeout      0x08004735   Thumb Code   134  tasks.o(i.vTaskPriorityDisinheritAfterTimeout)
    vTaskRemoveFromUnorderedEventList        0x080047c5   Thumb Code   102  tasks.o(i.vTaskRemoveFromUnorderedEventList)
    vTaskStartScheduler                      0x08004835   Thumb Code   118  tasks.o(i.vTaskStartScheduler)
    vTaskSuspendAll                          0x080048bd   Thumb Code    10  tasks.o(i.vTaskSuspendAll)
    vTaskSwitchContext                       0x080048cd   Thumb Code    90  tasks.o(i.vTaskSwitchContext)
    xEventGroupCreate                        0x08004931   Thumb Code    28  event_groups.o(i.xEventGroupCreate)
    xEventGroupSetBits                       0x0800494d   Thumb Code   140  event_groups.o(i.xEventGroupSetBits)
    xEventGroupWaitBits                      0x080049d9   Thumb Code   260  event_groups.o(i.xEventGroupWaitBits)
    xPortStartScheduler                      0x08004ae1   Thumb Code   154  port.o(i.xPortStartScheduler)
    xPortSysTickHandler                      0x08004b89   Thumb Code    38  port.o(i.xPortSysTickHandler)
    xQueueAddToSet                           0x08004bb5   Thumb Code    34  queue.o(i.xQueueAddToSet)
    xQueueCreateSet                          0x08004bd7   Thumb Code     8  queue.o(i.xQueueCreateSet)
    xQueueGenericCreate                      0x08004bdf   Thumb Code    66  queue.o(i.xQueueGenericCreate)
    xQueueGenericCreateStatic                0x08004c21   Thumb Code   102  queue.o(i.xQueueGenericCreateStatic)
    xQueueGenericReset                       0x08004c89   Thumb Code   132  queue.o(i.xQueueGenericReset)
    xQueueGenericSend                        0x08004d11   Thumb Code   372  queue.o(i.xQueueGenericSend)
    xQueueGenericSendFromISR                 0x08004e89   Thumb Code   214  queue.o(i.xQueueGenericSendFromISR)
    xQueueGiveFromISR                        0x08004f5f   Thumb Code   172  queue.o(i.xQueueGiveFromISR)
    xQueueReceive                            0x0800500d   Thumb Code   308  queue.o(i.xQueueReceive)
    xQueueSelectFromSet                      0x08005145   Thumb Code    18  queue.o(i.xQueueSelectFromSet)
    xQueueSemaphoreTake                      0x08005159   Thumb Code   372  queue.o(i.xQueueSemaphoreTake)
    xTaskCheckForTimeOut                     0x080052d1   Thumb Code   112  tasks.o(i.xTaskCheckForTimeOut)
    xTaskCreate                              0x08005345   Thumb Code    90  tasks.o(i.xTaskCreate)
    xTaskCreateStatic                        0x0800539f   Thumb Code    86  tasks.o(i.xTaskCreateStatic)
    xTaskGenericNotify                       0x080053f5   Thumb Code   210  tasks.o(i.xTaskGenericNotify)
    xTaskGetSchedulerState                   0x080054d5   Thumb Code    22  tasks.o(i.xTaskGetSchedulerState)
    xTaskGetTickCount                        0x080054f1   Thumb Code     6  tasks.o(i.xTaskGetTickCount)
    xTaskIncrementTick                       0x080054fd   Thumb Code   192  tasks.o(i.xTaskIncrementTick)
    xTaskNotifyWait                          0x080055c5   Thumb Code   130  tasks.o(i.xTaskNotifyWait)
    xTaskPriorityDisinherit                  0x08005651   Thumb Code   118  tasks.o(i.xTaskPriorityDisinherit)
    xTaskPriorityInherit                     0x080056d1   Thumb Code   112  tasks.o(i.xTaskPriorityInherit)
    xTaskRemoveFromEventList                 0x08005749   Thumb Code    98  tasks.o(i.xTaskRemoveFromEventList)
    xTaskResumeAll                           0x080057b9   Thumb Code   182  tasks.o(i.xTaskResumeAll)
    xTimerCreateTimerTask                    0x0800587d   Thumb Code    78  timers.o(i.xTimerCreateTimerTask)
    xTimerGenericCommand                     0x080058dd   Thumb Code    98  timers.o(i.xTimerGenericCommand)
    __aeabi_d2f                              0x08005945   Thumb Code     0  d2f.o(x$fpl$d2f)
    _d2f                                     0x08005945   Thumb Code    98  d2f.o(x$fpl$d2f)
    __aeabi_dadd                             0x080059a9   Thumb Code     0  daddsub_clz.o(x$fpl$dadd)
    _dadd                                    0x080059a9   Thumb Code   332  daddsub_clz.o(x$fpl$dadd)
    __aeabi_ddiv                             0x08005af9   Thumb Code     0  ddiv.o(x$fpl$ddiv)
    _ddiv                                    0x08005af9   Thumb Code   552  ddiv.o(x$fpl$ddiv)
    __aeabi_ui2d                             0x08005da9   Thumb Code     0  dflt_clz.o(x$fpl$dfltu)
    _dfltu                                   0x08005da9   Thumb Code    38  dflt_clz.o(x$fpl$dfltu)
    __fpl_dnaninf                            0x08005dcf   Thumb Code   156  dnaninf.o(x$fpl$dnaninf)
    __fpl_dretinf                            0x08005e6b   Thumb Code    12  dretinf.o(x$fpl$dretinf)
    __aeabi_dsub                             0x08005e79   Thumb Code     0  daddsub_clz.o(x$fpl$dsub)
    _dsub                                    0x08005e79   Thumb Code   464  daddsub_clz.o(x$fpl$dsub)
    __aeabi_fadd                             0x0800604d   Thumb Code     0  faddsub_clz.o(x$fpl$fadd)
    _fadd                                    0x0800604d   Thumb Code   196  faddsub_clz.o(x$fpl$fadd)
    __aeabi_f2iz                             0x08006111   Thumb Code     0  ffix.o(x$fpl$ffix)
    _ffix                                    0x08006111   Thumb Code    54  ffix.o(x$fpl$ffix)
    __aeabi_i2f                              0x08006149   Thumb Code     0  fflt_clz.o(x$fpl$fflt)
    _fflt                                    0x08006149   Thumb Code    48  fflt_clz.o(x$fpl$fflt)
    __aeabi_fmul                             0x08006179   Thumb Code     0  fmul.o(x$fpl$fmul)
    _fmul                                    0x08006179   Thumb Code   258  fmul.o(x$fpl$fmul)
    __fpl_fnaninf                            0x0800627b   Thumb Code   140  fnaninf.o(x$fpl$fnaninf)
    __fpl_fretinf                            0x08006307   Thumb Code    10  fretinf.o(x$fpl$fretinf)
    __aeabi_frsub                            0x08006311   Thumb Code     0  faddsub_clz.o(x$fpl$frsb)
    _frsb                                    0x08006311   Thumb Code    20  faddsub_clz.o(x$fpl$frsb)
    __aeabi_fsub                             0x08006325   Thumb Code     0  faddsub_clz.o(x$fpl$fsub)
    _fsub                                    0x08006325   Thumb Code   234  faddsub_clz.o(x$fpl$fsub)
    __I$use$fp                               0x0800640e   Number         0  usenofp.o(x$fpl$usenofp)
    defaultTask_attributes                   0x08006410   Data          36  freertos.o(.constdata)
    AHBPrescTable                            0x08006458   Data          16  system_stm32f1xx.o(.constdata)
    APBPrescTable                            0x08006468   Data           8  system_stm32f1xx.o(.constdata)
    ascii_font                               0x08006470   Data        2048  driver_oled.o(.constdata)
    Region$$Table$$Base                      0x08006c7c   Number         0  anon$$obj.o(Region$$Table)
    Region$$Table$$Limit                     0x08006c9c   Number         0  anon$$obj.o(Region$$Table)
    ControlTaskHandle                        0x20000000   Data           4  freertos.o(.data)
    ledTaskHandle                            0x20000004   Data           4  freertos.o(.data)
    SensorTaskHandle                         0x20000008   Data           4  freertos.o(.data)
    DisplayTaskHandle                        0x2000000c   Data           4  freertos.o(.data)
    KeyTaskHandle                            0x20000010   Data           4  freertos.o(.data)
    Sensor_Queue                             0x20000014   Data           4  freertos.o(.data)
    Key_Queueset                             0x20000018   Data           4  freertos.o(.data)
    Key1_Semaphore                           0x2000001c   Data           4  freertos.o(.data)
    Key2_Semaphore                           0x20000020   Data           4  freertos.o(.data)
    Light_EventGroup                         0x20000024   Data           4  freertos.o(.data)
    defaultTaskHandle                        0x20000028   Data           4  freertos.o(.data)
    uwTickFreq                               0x2000002c   Data           1  stm32f1xx_hal.o(.data)
    uwTickPrio                               0x20000030   Data           4  stm32f1xx_hal.o(.data)
    uwTick                                   0x20000034   Data           4  stm32f1xx_hal.o(.data)
    SystemCoreClock                          0x20000038   Data           4  system_stm32f1xx.o(.data)
    pxCurrentTCB                             0x2000003c   Data           4  tasks.o(.data)
    hadc1                                    0x200000c8   Data          48  adc.o(.bss)
    hi2c1                                    0x200000f8   Data          84  i2c.o(.bss)
    hspi1                                    0x2000014c   Data          88  spi.o(.bss)
    htim2                                    0x200001a4   Data          72  tim.o(.bss)
    huart1                                   0x200001ec   Data          72  usart.o(.bss)
    htim4                                    0x20000234   Data          72  stm32f1xx_hal_timebase_tim.o(.bss)
    xQueueRegistry                           0x2000027c   Data          64  queue.o(.bss)
    __libspace_start                         0x20001b54   Data          96  libspace.o(.bss)
    __temporary_stack_top$libspace           0x20001bb4   Data           0  libspace.o(.bss)



==============================================================================

Memory Map of the image

  Image Entry point : 0x080000ed

  Load Region LR_IROM1 (Base: 0x08000000, Size: 0x00006d64, Max: 0x00010000, ABSOLUTE)

    Execution Region ER_IROM1 (Exec base: 0x08000000, Load base: 0x08000000, Size: 0x00006c9c, Max: 0x00010000, ABSOLUTE)

    Exec Addr    Load Addr    Size         Type   Attr      Idx    E Section Name        Object

    0x08000000   0x08000000   0x000000ec   Data   RO            3    RESET               startup_stm32f103xb.o
    0x080000ec   0x080000ec   0x00000008   Code   RO         6341  * !!!main             c_w.l(__main.o)
    0x080000f4   0x080000f4   0x00000034   Code   RO         6547    !!!scatter          c_w.l(__scatter.o)
    0x08000128   0x08000128   0x0000001a   Code   RO         6549    !!handler_copy      c_w.l(__scatter_copy.o)
    0x08000142   0x08000142   0x00000002   PAD
    0x08000144   0x08000144   0x0000001c   Code   RO         6551    !!handler_zi        c_w.l(__scatter_zi.o)
    0x08000160   0x08000160   0x00000002   Code   RO         6417    .ARM.Collect$$libinit$$00000000  c_w.l(libinit.o)
    0x08000162   0x08000162   0x00000000   Code   RO         6424    .ARM.Collect$$libinit$$00000002  c_w.l(libinit2.o)
    0x08000162   0x08000162   0x00000000   Code   RO         6426    .ARM.Collect$$libinit$$00000004  c_w.l(libinit2.o)
    0x08000162   0x08000162   0x00000000   Code   RO         6429    .ARM.Collect$$libinit$$0000000A  c_w.l(libinit2.o)
    0x08000162   0x08000162   0x00000000   Code   RO         6431    .ARM.Collect$$libinit$$0000000C  c_w.l(libinit2.o)
    0x08000162   0x08000162   0x00000000   Code   RO         6433    .ARM.Collect$$libinit$$0000000E  c_w.l(libinit2.o)
    0x08000162   0x08000162   0x00000000   Code   RO         6436    .ARM.Collect$$libinit$$00000011  c_w.l(libinit2.o)
    0x08000162   0x08000162   0x00000000   Code   RO         6438    .ARM.Collect$$libinit$$00000013  c_w.l(libinit2.o)
    0x08000162   0x08000162   0x00000000   Code   RO         6440    .ARM.Collect$$libinit$$00000015  c_w.l(libinit2.o)
    0x08000162   0x08000162   0x00000000   Code   RO         6442    .ARM.Collect$$libinit$$00000017  c_w.l(libinit2.o)
    0x08000162   0x08000162   0x00000000   Code   RO         6444    .ARM.Collect$$libinit$$00000019  c_w.l(libinit2.o)
    0x08000162   0x08000162   0x00000000   Code   RO         6446    .ARM.Collect$$libinit$$0000001B  c_w.l(libinit2.o)
    0x08000162   0x08000162   0x00000000   Code   RO         6448    .ARM.Collect$$libinit$$0000001D  c_w.l(libinit2.o)
    0x08000162   0x08000162   0x00000000   Code   RO         6450    .ARM.Collect$$libinit$$0000001F  c_w.l(libinit2.o)
    0x08000162   0x08000162   0x00000000   Code   RO         6452    .ARM.Collect$$libinit$$00000021  c_w.l(libinit2.o)
    0x08000162   0x08000162   0x00000000   Code   RO         6454    .ARM.Collect$$libinit$$00000023  c_w.l(libinit2.o)
    0x08000162   0x08000162   0x00000000   Code   RO         6456    .ARM.Collect$$libinit$$00000025  c_w.l(libinit2.o)
    0x08000162   0x08000162   0x00000000   Code   RO         6460    .ARM.Collect$$libinit$$0000002C  c_w.l(libinit2.o)
    0x08000162   0x08000162   0x00000000   Code   RO         6462    .ARM.Collect$$libinit$$0000002E  c_w.l(libinit2.o)
    0x08000162   0x08000162   0x00000000   Code   RO         6464    .ARM.Collect$$libinit$$00000030  c_w.l(libinit2.o)
    0x08000162   0x08000162   0x00000000   Code   RO         6466    .ARM.Collect$$libinit$$00000032  c_w.l(libinit2.o)
    0x08000162   0x08000162   0x00000002   Code   RO         6467    .ARM.Collect$$libinit$$00000033  c_w.l(libinit2.o)
    0x08000164   0x08000164   0x00000002   Code   RO         6487    .ARM.Collect$$libshutdown$$00000000  c_w.l(libshutdown.o)
    0x08000166   0x08000166   0x00000000   Code   RO         6500    .ARM.Collect$$libshutdown$$00000002  c_w.l(libshutdown2.o)
    0x08000166   0x08000166   0x00000000   Code   RO         6502    .ARM.Collect$$libshutdown$$00000004  c_w.l(libshutdown2.o)
    0x08000166   0x08000166   0x00000000   Code   RO         6505    .ARM.Collect$$libshutdown$$00000007  c_w.l(libshutdown2.o)
    0x08000166   0x08000166   0x00000000   Code   RO         6508    .ARM.Collect$$libshutdown$$0000000A  c_w.l(libshutdown2.o)
    0x08000166   0x08000166   0x00000000   Code   RO         6510    .ARM.Collect$$libshutdown$$0000000C  c_w.l(libshutdown2.o)
    0x08000166   0x08000166   0x00000000   Code   RO         6513    .ARM.Collect$$libshutdown$$0000000F  c_w.l(libshutdown2.o)
    0x08000166   0x08000166   0x00000002   Code   RO         6514    .ARM.Collect$$libshutdown$$00000010  c_w.l(libshutdown2.o)
    0x08000168   0x08000168   0x00000000   Code   RO         6379    .ARM.Collect$$rtentry$$00000000  c_w.l(__rtentry.o)
    0x08000168   0x08000168   0x00000000   Code   RO         6394    .ARM.Collect$$rtentry$$00000002  c_w.l(__rtentry2.o)
    0x08000168   0x08000168   0x00000006   Code   RO         6406    .ARM.Collect$$rtentry$$00000004  c_w.l(__rtentry4.o)
    0x0800016e   0x0800016e   0x00000000   Code   RO         6396    .ARM.Collect$$rtentry$$00000009  c_w.l(__rtentry2.o)
    0x0800016e   0x0800016e   0x00000004   Code   RO         6397    .ARM.Collect$$rtentry$$0000000A  c_w.l(__rtentry2.o)
    0x08000172   0x08000172   0x00000000   Code   RO         6399    .ARM.Collect$$rtentry$$0000000C  c_w.l(__rtentry2.o)
    0x08000172   0x08000172   0x00000008   Code   RO         6400    .ARM.Collect$$rtentry$$0000000D  c_w.l(__rtentry2.o)
    0x0800017a   0x0800017a   0x00000002   Code   RO         6421    .ARM.Collect$$rtexit$$00000000  c_w.l(rtexit.o)
    0x0800017c   0x0800017c   0x00000000   Code   RO         6469    .ARM.Collect$$rtexit$$00000002  c_w.l(rtexit2.o)
    0x0800017c   0x0800017c   0x00000004   Code   RO         6470    .ARM.Collect$$rtexit$$00000003  c_w.l(rtexit2.o)
    0x08000180   0x08000180   0x00000006   Code   RO         6471    .ARM.Collect$$rtexit$$00000004  c_w.l(rtexit2.o)
    0x08000186   0x08000186   0x00000002   PAD
    0x08000188   0x08000188   0x00000096   Code   RO         5829    .emb_text           port.o
    0x0800021e   0x0800021e   0x00000002   PAD
    0x08000220   0x08000220   0x00000040   Code   RO            4    .text               startup_stm32f103xb.o
    0x08000260   0x08000260   0x0000008a   Code   RO         6331    .text               c_w.l(rt_memcpy_v6.o)
    0x080002ea   0x080002ea   0x00000010   Code   RO         6335    .text               c_w.l(aeabi_memset.o)
    0x080002fa   0x080002fa   0x0000004e   Code   RO         6337    .text               c_w.l(rt_memclr_w.o)
    0x08000348   0x08000348   0x00000006   Code   RO         6339    .text               c_w.l(heapauxi.o)
    0x0800034e   0x0800034e   0x00000064   Code   RO         6380    .text               c_w.l(rt_memcpy_w.o)
    0x080003b2   0x080003b2   0x00000044   Code   RO         6382    .text               c_w.l(rt_memclr.o)
    0x080003f6   0x080003f6   0x0000004a   Code   RO         6408    .text               c_w.l(sys_stackheap_outer.o)
    0x08000440   0x08000440   0x00000012   Code   RO         6410    .text               c_w.l(exit.o)
    0x08000452   0x08000452   0x00000002   PAD
    0x08000454   0x08000454   0x00000008   Code   RO         6418    .text               c_w.l(libspace.o)
    0x0800045c   0x0800045c   0x0000000c   Code   RO         6479    .text               c_w.l(sys_exit.o)
    0x08000468   0x08000468   0x00000002   Code   RO         6490    .text               c_w.l(use_no_semi.o)
    0x0800046a   0x0800046a   0x00000000   Code   RO         6492    .text               c_w.l(indicate_semi.o)
    0x0800046a   0x0800046a   0x00000002   PAD
    0x0800046c   0x0800046c   0x00000056   Code   RO         1712    i.ADC_ConversionStop_Disable  stm32f1xx_hal_adc.o
    0x080004c2   0x080004c2   0x00000002   PAD
    0x080004c4   0x080004c4   0x0000007c   Code   RO         1716    i.ADC_Enable        stm32f1xx_hal_adc.o
    0x08000540   0x08000540   0x00000002   Code   RO          558    i.BusFault_Handler  stm32f1xx_it.o
    0x08000542   0x08000542   0x00000002   PAD
    0x08000544   0x08000544   0x00000038   Code   RO          238    i.Control_Task      freertos.o
    0x0800057c   0x0800057c   0x00000070   Code   RO         5909    i.DHT11_Check       driver_dht11.o
    0x080005ec   0x080005ec   0x00000048   Code   RO         5910    i.DHT11_Init        driver_dht11.o
    0x08000634   0x08000634   0x00000074   Code   RO         5911    i.DHT11_Read_Bit    driver_dht11.o
    0x080006a8   0x080006a8   0x0000002a   Code   RO         5912    i.DHT11_Read_Byte   driver_dht11.o
    0x080006d2   0x080006d2   0x00000002   PAD
    0x080006d4   0x080006d4   0x000000b0   Code   RO         5913    i.DHT11_Read_Result  driver_dht11.o
    0x08000784   0x08000784   0x00000034   Code   RO         5914    i.DHT11_Start       driver_dht11.o
    0x080007b8   0x080007b8   0x00000002   Code   RO          559    i.DebugMon_Handler  stm32f1xx_it.o
    0x080007ba   0x080007ba   0x00000002   PAD
    0x080007bc   0x080007bc   0x00000038   Code   RO         5915    i.Delay_us          driver_dht11.o
    0x080007f4   0x080007f4   0x00000088   Code   RO          239    i.Display_Task      freertos.o
    0x0800087c   0x0800087c   0x00000016   Code   RO          560    i.EXTI15_10_IRQHandler  stm32f1xx_it.o
    0x08000892   0x08000892   0x00000004   Code   RO           13    i.Error_Handler     main.o
    0x08000896   0x08000896   0x00000002   PAD
    0x08000898   0x08000898   0x000000d8   Code   RO         1892    i.HAL_ADCEx_Calibration_Start  stm32f1xx_hal_adc_ex.o
    0x08000970   0x08000970   0x000000fc   Code   RO         1718    i.HAL_ADC_ConfigChannel  stm32f1xx_hal_adc.o
    0x08000a6c   0x08000a6c   0x00000006   Code   RO         1725    i.HAL_ADC_GetValue  stm32f1xx_hal_adc.o
    0x08000a72   0x08000a72   0x00000002   PAD
    0x08000a74   0x08000a74   0x0000011c   Code   RO         1727    i.HAL_ADC_Init      stm32f1xx_hal_adc.o
    0x08000b90   0x08000b90   0x00000058   Code   RO          343    i.HAL_ADC_MspInit   adc.o
    0x08000be8   0x08000be8   0x0000013c   Code   RO         1731    i.HAL_ADC_PollForConversion  stm32f1xx_hal_adc.o
    0x08000d24   0x08000d24   0x000000c0   Code   RO         1733    i.HAL_ADC_Start     stm32f1xx_hal_adc.o
    0x08000de4   0x08000de4   0x00000046   Code   RO         2369    i.HAL_DMA_Abort     stm32f1xx_hal_dma.o
    0x08000e2a   0x08000e2a   0x00000002   PAD
    0x08000e2c   0x08000e2c   0x00000098   Code   RO         2370    i.HAL_DMA_Abort_IT  stm32f1xx_hal_dma.o
    0x08000ec4   0x08000ec4   0x00000024   Code   RO         1995    i.HAL_Delay         stm32f1xx_hal.o
    0x08000ee8   0x08000ee8   0x00000028   Code   RO          240    i.HAL_GPIO_EXTI_Callback  freertos.o
    0x08000f10   0x08000f10   0x00000018   Code   RO         2304    i.HAL_GPIO_EXTI_IRQHandler  stm32f1xx_hal_gpio.o
    0x08000f28   0x08000f28   0x000001e0   Code   RO         2305    i.HAL_GPIO_Init     stm32f1xx_hal_gpio.o
    0x08001108   0x08001108   0x0000000a   Code   RO         2307    i.HAL_GPIO_ReadPin  stm32f1xx_hal_gpio.o
    0x08001112   0x08001112   0x00000010   Code   RO         2308    i.HAL_GPIO_TogglePin  stm32f1xx_hal_gpio.o
    0x08001122   0x08001122   0x0000000a   Code   RO         2309    i.HAL_GPIO_WritePin  stm32f1xx_hal_gpio.o
    0x0800112c   0x0800112c   0x0000000c   Code   RO         1999    i.HAL_GetTick       stm32f1xx_hal.o
    0x08001138   0x08001138   0x00000188   Code   RO         2976    i.HAL_I2C_Init      stm32f1xx_hal_i2c.o
    0x080012c0   0x080012c0   0x0000012c   Code   RO         2989    i.HAL_I2C_Master_Transmit  stm32f1xx_hal_i2c.o
    0x080013ec   0x080013ec   0x00000130   Code   RO         2997    i.HAL_I2C_Mem_Write  stm32f1xx_hal_i2c.o
    0x0800151c   0x0800151c   0x0000005c   Code   RO          385    i.HAL_I2C_MspInit   i2c.o
    0x08001578   0x08001578   0x00000010   Code   RO         2005    i.HAL_IncTick       stm32f1xx_hal.o
    0x08001588   0x08001588   0x00000024   Code   RO         2006    i.HAL_Init          stm32f1xx_hal.o
    0x080015ac   0x080015ac   0x00000098   Code   RO          664    i.HAL_InitTick      stm32f1xx_hal_timebase_tim.o
    0x08001644   0x08001644   0x00000048   Code   RO          640    i.HAL_MspInit       stm32f1xx_hal_msp.o
    0x0800168c   0x0800168c   0x0000001a   Code   RO         2465    i.HAL_NVIC_EnableIRQ  stm32f1xx_hal_cortex.o
    0x080016a6   0x080016a6   0x00000002   PAD
    0x080016a8   0x080016a8   0x00000040   Code   RO         2471    i.HAL_NVIC_SetPriority  stm32f1xx_hal_cortex.o
    0x080016e8   0x080016e8   0x00000024   Code   RO         2472    i.HAL_NVIC_SetPriorityGrouping  stm32f1xx_hal_cortex.o
    0x0800170c   0x0800170c   0x000000a4   Code   RO         2266    i.HAL_RCCEx_GetPeriphCLKFreq  stm32f1xx_hal_rcc_ex.o
    0x080017b0   0x080017b0   0x000000ec   Code   RO         2267    i.HAL_RCCEx_PeriphCLKConfig  stm32f1xx_hal_rcc_ex.o
    0x0800189c   0x0800189c   0x0000012c   Code   RO         2163    i.HAL_RCC_ClockConfig  stm32f1xx_hal_rcc.o
    0x080019c8   0x080019c8   0x00000040   Code   RO         2167    i.HAL_RCC_GetClockConfig  stm32f1xx_hal_rcc.o
    0x08001a08   0x08001a08   0x00000020   Code   RO         2170    i.HAL_RCC_GetPCLK1Freq  stm32f1xx_hal_rcc.o
    0x08001a28   0x08001a28   0x00000020   Code   RO         2171    i.HAL_RCC_GetPCLK2Freq  stm32f1xx_hal_rcc.o
    0x08001a48   0x08001a48   0x0000004c   Code   RO         2172    i.HAL_RCC_GetSysClockFreq  stm32f1xx_hal_rcc.o
    0x08001a94   0x08001a94   0x00000320   Code   RO         2175    i.HAL_RCC_OscConfig  stm32f1xx_hal_rcc.o
    0x08001db4   0x08001db4   0x000000b2   Code   RO         3413    i.HAL_SPI_Init      stm32f1xx_hal_spi.o
    0x08001e66   0x08001e66   0x00000002   PAD
    0x08001e68   0x08001e68   0x00000070   Code   RO          427    i.HAL_SPI_MspInit   spi.o
    0x08001ed8   0x08001ed8   0x00000002   Code   RO         1445    i.HAL_TIMEx_BreakCallback  stm32f1xx_hal_tim_ex.o
    0x08001eda   0x08001eda   0x00000002   Code   RO         1446    i.HAL_TIMEx_CommutCallback  stm32f1xx_hal_tim_ex.o
    0x08001edc   0x08001edc   0x00000068   Code   RO         1464    i.HAL_TIMEx_MasterConfigSynchronization  stm32f1xx_hal_tim_ex.o
    0x08001f44   0x08001f44   0x0000005a   Code   RO          741    i.HAL_TIM_Base_Init  stm32f1xx_hal_tim.o
    0x08001f9e   0x08001f9e   0x00000002   PAD
    0x08001fa0   0x08001fa0   0x00000024   Code   RO          469    i.HAL_TIM_Base_MspInit  tim.o
    0x08001fc4   0x08001fc4   0x00000058   Code   RO          746    i.HAL_TIM_Base_Start_IT  stm32f1xx_hal_tim.o
    0x0800201c   0x0800201c   0x000000dc   Code   RO          750    i.HAL_TIM_ConfigClockSource  stm32f1xx_hal_tim.o
    0x080020f8   0x080020f8   0x00000002   Code   RO          775    i.HAL_TIM_IC_CaptureCallback  stm32f1xx_hal_tim.o
    0x080020fa   0x080020fa   0x00000130   Code   RO          789    i.HAL_TIM_IRQHandler  stm32f1xx_hal_tim.o
    0x0800222a   0x0800222a   0x00000002   PAD
    0x0800222c   0x0800222c   0x00000044   Code   RO          470    i.HAL_TIM_MspPostInit  tim.o
    0x08002270   0x08002270   0x00000002   Code   RO          792    i.HAL_TIM_OC_DelayElapsedCallback  stm32f1xx_hal_tim.o
    0x08002272   0x08002272   0x000000cc   Code   RO          813    i.HAL_TIM_PWM_ConfigChannel  stm32f1xx_hal_tim.o
    0x0800233e   0x0800233e   0x0000005a   Code   RO          816    i.HAL_TIM_PWM_Init  stm32f1xx_hal_tim.o
    0x08002398   0x08002398   0x00000002   Code   RO          818    i.HAL_TIM_PWM_MspInit  stm32f1xx_hal_tim.o
    0x0800239a   0x0800239a   0x00000002   Code   RO          819    i.HAL_TIM_PWM_PulseFinishedCallback  stm32f1xx_hal_tim.o
    0x0800239c   0x0800239c   0x00000014   Code   RO           14    i.HAL_TIM_PeriodElapsedCallback  main.o
    0x080023b0   0x080023b0   0x00000002   Code   RO          832    i.HAL_TIM_TriggerCallback  stm32f1xx_hal_tim.o
    0x080023b2   0x080023b2   0x00000002   Code   RO         3736    i.HAL_UARTEx_RxEventCallback  stm32f1xx_hal_uart.o
    0x080023b4   0x080023b4   0x00000002   Code   RO         3750    i.HAL_UART_ErrorCallback  stm32f1xx_hal_uart.o
    0x080023b6   0x080023b6   0x00000002   PAD
    0x080023b8   0x080023b8   0x0000026c   Code   RO         3753    i.HAL_UART_IRQHandler  stm32f1xx_hal_uart.o
    0x08002624   0x08002624   0x00000064   Code   RO         3754    i.HAL_UART_Init     stm32f1xx_hal_uart.o
    0x08002688   0x08002688   0x00000080   Code   RO          517    i.HAL_UART_MspInit  usart.o
    0x08002708   0x08002708   0x00000002   Code   RO         3760    i.HAL_UART_RxCpltCallback  stm32f1xx_hal_uart.o
    0x0800270a   0x0800270a   0x00000002   Code   RO         3765    i.HAL_UART_TxCpltCallback  stm32f1xx_hal_uart.o
    0x0800270c   0x0800270c   0x00000002   Code   RO          561    i.HardFault_Handler  stm32f1xx_it.o
    0x0800270e   0x0800270e   0x0000002e   Code   RO         3019    i.I2C_IsAcknowledgeFailed  stm32f1xx_hal_i2c.o
    0x0800273c   0x0800273c   0x0000009c   Code   RO         3023    i.I2C_MasterRequestWrite  stm32f1xx_hal_i2c.o
    0x080027d8   0x080027d8   0x000000a8   Code   RO         3030    i.I2C_RequestMemoryWrite  stm32f1xx_hal_i2c.o
    0x08002880   0x08002880   0x00000056   Code   RO         3034    i.I2C_WaitOnBTFFlagUntilTimeout  stm32f1xx_hal_i2c.o
    0x080028d6   0x080028d6   0x00000002   PAD
    0x080028d8   0x080028d8   0x00000090   Code   RO         3035    i.I2C_WaitOnFlagUntilTimeout  stm32f1xx_hal_i2c.o
    0x08002968   0x08002968   0x000000bc   Code   RO         3036    i.I2C_WaitOnMasterAddressFlagUntilTimeout  stm32f1xx_hal_i2c.o
    0x08002a24   0x08002a24   0x00000056   Code   RO         3038    i.I2C_WaitOnTXEFlagUntilTimeout  stm32f1xx_hal_i2c.o
    0x08002a7a   0x08002a7a   0x00000002   PAD
    0x08002a7c   0x08002a7c   0x00000050   Code   RO         5971    i.Key_Init          driver_key.o
    0x08002acc   0x08002acc   0x00000070   Code   RO          241    i.Key_Task          freertos.o
    0x08002b3c   0x08002b3c   0x0000003c   Code   RO          242    i.LED_Task          freertos.o
    0x08002b78   0x08002b78   0x00000048   Code   RO         6012    i.Led_Init          driver_led.o
    0x08002bc0   0x08002bc0   0x00000010   Code   RO         6013    i.Led_Off           driver_led.o
    0x08002bd0   0x08002bd0   0x00000010   Code   RO         6014    i.Led_On            driver_led.o
    0x08002be0   0x08002be0   0x00000010   Code   RO         6015    i.Led_Turn          driver_led.o
    0x08002bf0   0x08002bf0   0x0000000c   Code   RO         6084    i.LightSensor_Init  driver_light_sensor.o
    0x08002bfc   0x08002bfc   0x00000030   Code   RO         6085    i.LightSensor_Read  driver_light_sensor.o
    0x08002c2c   0x08002c2c   0x00000050   Code   RO          344    i.MX_ADC1_Init      adc.o
    0x08002c7c   0x08002c7c   0x00000060   Code   RO          243    i.MX_FREERTOS_Init  freertos.o
    0x08002cdc   0x08002cdc   0x000000f4   Code   RO          214    i.MX_GPIO_Init      gpio.o
    0x08002dd0   0x08002dd0   0x00000040   Code   RO          386    i.MX_I2C1_Init      i2c.o
    0x08002e10   0x08002e10   0x00000048   Code   RO          428    i.MX_SPI1_Init      spi.o
    0x08002e58   0x08002e58   0x00000094   Code   RO          471    i.MX_TIM2_Init      tim.o
    0x08002eec   0x08002eec   0x00000038   Code   RO          518    i.MX_USART1_UART_Init  usart.o
    0x08002f24   0x08002f24   0x00000002   Code   RO          562    i.MemManage_Handler  stm32f1xx_it.o
    0x08002f26   0x08002f26   0x00000002   Code   RO          563    i.NMI_Handler       stm32f1xx_it.o
    0x08002f28   0x08002f28   0x0000002a   Code   RO         6205    i.OLED_Clear        driver_oled.o
    0x08002f52   0x08002f52   0x00000002   PAD
    0x08002f54   0x08002f54   0x00000094   Code   RO         6207    i.OLED_Init         driver_oled.o
    0x08002fe8   0x08002fe8   0x000000ac   Code   RO         6208    i.OLED_PrintFloat   driver_oled.o
    0x08003094   0x08003094   0x0000007e   Code   RO         6210    i.OLED_PrintSignedVal  driver_oled.o
    0x08003112   0x08003112   0x00000032   Code   RO         6211    i.OLED_PrintString  driver_oled.o
    0x08003144   0x08003144   0x00000048   Code   RO         6212    i.OLED_PutChar      driver_oled.o
    0x0800318c   0x0800318c   0x0000002c   Code   RO         6213    i.OLED_SetComConfig  driver_oled.o
    0x080031b8   0x080031b8   0x00000040   Code   RO         6214    i.OLED_SetPosition  driver_oled.o
    0x080031f8   0x080031f8   0x00000028   Code   RO         6215    i.OLED_WriteCmd     driver_oled.o
    0x08003220   0x08003220   0x00000020   Code   RO         6216    i.OLED_WriteNBytes  driver_oled.o
    0x08003240   0x08003240   0x0000006c   Code   RO          244    i.Sensor_Task       freertos.o
    0x080032ac   0x080032ac   0x000000e4   Code   RO          245    i.StartDefaultTask  freertos.o
    0x08003390   0x08003390   0x0000001a   Code   RO         5264    i.SysTick_Handler   cmsis_os2.o
    0x080033aa   0x080033aa   0x00000078   Code   RO           15    i.SystemClock_Config  main.o
    0x08003422   0x08003422   0x00000002   Code   RO         4088    i.SystemInit        system_stm32f1xx.o
    0x08003424   0x08003424   0x0000000c   Code   RO          564    i.TIM2_IRQHandler   stm32f1xx_it.o
    0x08003430   0x08003430   0x0000000c   Code   RO          565    i.TIM4_IRQHandler   stm32f1xx_it.o
    0x0800343c   0x0800343c   0x00000078   Code   RO          834    i.TIM_Base_SetConfig  stm32f1xx_hal_tim.o
    0x080034b4   0x080034b4   0x00000014   Code   RO          845    i.TIM_ETR_SetConfig  stm32f1xx_hal_tim.o
    0x080034c8   0x080034c8   0x00000010   Code   RO          846    i.TIM_ITRx_SetConfig  stm32f1xx_hal_tim.o
    0x080034d8   0x080034d8   0x00000050   Code   RO          847    i.TIM_OC1_SetConfig  stm32f1xx_hal_tim.o
    0x08003528   0x08003528   0x00000058   Code   RO          848    i.TIM_OC2_SetConfig  stm32f1xx_hal_tim.o
    0x08003580   0x08003580   0x00000058   Code   RO          849    i.TIM_OC3_SetConfig  stm32f1xx_hal_tim.o
    0x080035d8   0x080035d8   0x00000044   Code   RO          850    i.TIM_OC4_SetConfig  stm32f1xx_hal_tim.o
    0x0800361c   0x0800361c   0x00000022   Code   RO          852    i.TIM_TI1_ConfigInputStage  stm32f1xx_hal_tim.o
    0x0800363e   0x0800363e   0x00000024   Code   RO          854    i.TIM_TI2_ConfigInputStage  stm32f1xx_hal_tim.o
    0x08003662   0x08003662   0x00000010   Code   RO         3767    i.UART_DMAAbortOnError  stm32f1xx_hal_uart.o
    0x08003672   0x08003672   0x0000004e   Code   RO         3777    i.UART_EndRxTransfer  stm32f1xx_hal_uart.o
    0x080036c0   0x080036c0   0x000000c2   Code   RO         3779    i.UART_Receive_IT   stm32f1xx_hal_uart.o
    0x08003782   0x08003782   0x00000002   PAD
    0x08003784   0x08003784   0x000000b8   Code   RO         3780    i.UART_SetConfig    stm32f1xx_hal_uart.o
    0x0800383c   0x0800383c   0x0000000c   Code   RO          566    i.USART1_IRQHandler  stm32f1xx_it.o
    0x08003848   0x08003848   0x00000002   Code   RO          567    i.UsageFault_Handler  stm32f1xx_it.o
    0x0800384a   0x0800384a   0x00000020   Code   RO         2478    i.__NVIC_SetPriority  stm32f1xx_hal_cortex.o
    0x0800386a   0x0800386a   0x00000002   PAD
    0x0800386c   0x0800386c   0x00000074   Code   RO           16    i.main              main.o
    0x080038e0   0x080038e0   0x00000024   Code   RO         5280    i.osKernelInitialize  cmsis_os2.o
    0x08003904   0x08003904   0x00000038   Code   RO         5283    i.osKernelStart     cmsis_os2.o
    0x0800393c   0x0800393c   0x0000008a   Code   RO         5325    i.osThreadNew       cmsis_os2.o
    0x080039c6   0x080039c6   0x00000002   PAD
    0x080039c8   0x080039c8   0x0000005c   Code   RO         4728    i.prvAddCurrentTaskToDelayedList  tasks.o
    0x08003a24   0x08003a24   0x000000d0   Code   RO         4729    i.prvAddNewTaskToReadyList  tasks.o
    0x08003af4   0x08003af4   0x00000058   Code   RO         5093    i.prvCheckForValidListAndQueue  timers.o
    0x08003b4c   0x08003b4c   0x00000026   Code   RO         4290    i.prvCopyDataFromQueue  queue.o
    0x08003b72   0x08003b72   0x0000006c   Code   RO         4291    i.prvCopyDataToQueue  queue.o
    0x08003bde   0x08003bde   0x00000034   Code   RO         4730    i.prvDeleteTCB      tasks.o
    0x08003c12   0x08003c12   0x00000002   PAD
    0x08003c14   0x08003c14   0x0000004c   Code   RO         5774    i.prvHeapInit       heap_4.o
    0x08003c60   0x08003c60   0x00000060   Code   RO         4731    i.prvIdleTask       tasks.o
    0x08003cc0   0x08003cc0   0x00000026   Code   RO         4293    i.prvInitialiseNewQueue  queue.o
    0x08003ce6   0x08003ce6   0x00000002   PAD
    0x08003ce8   0x08003ce8   0x000000b0   Code   RO         4732    i.prvInitialiseNewTask  tasks.o
    0x08003d98   0x08003d98   0x0000004c   Code   RO         5775    i.prvInsertBlockIntoFreeList  heap_4.o
    0x08003de4   0x08003de4   0x00000038   Code   RO         5095    i.prvInsertTimerInActiveList  timers.o
    0x08003e1c   0x08003e1c   0x0000001c   Code   RO         4294    i.prvIsQueueEmpty   queue.o
    0x08003e38   0x08003e38   0x0000006c   Code   RO         4295    i.prvNotifyQueueSetContainer  queue.o
    0x08003ea4   0x08003ea4   0x000000fc   Code   RO         5096    i.prvProcessReceivedCommands  timers.o
    0x08003fa0   0x08003fa0   0x000000c0   Code   RO         5097    i.prvProcessTimerOrBlockTask  timers.o
    0x08004060   0x08004060   0x00000020   Code   RO         4734    i.prvResetNextTaskUnblockTime  tasks.o
    0x08004080   0x08004080   0x00000028   Code   RO         5098    i.prvSampleTimeNow  timers.o
    0x080040a8   0x080040a8   0x0000006c   Code   RO         5099    i.prvSwitchTimerLists  timers.o
    0x08004114   0x08004114   0x00000028   Code   RO         5830    i.prvTaskExitError  port.o
    0x0800413c   0x0800413c   0x00000014   Code   RO         4131    i.prvTestWaitCondition  event_groups.o
    0x08004150   0x08004150   0x00000024   Code   RO         5100    i.prvTimerTask      timers.o
    0x08004174   0x08004174   0x00000076   Code   RO         4296    i.prvUnlockQueue    queue.o
    0x080041ea   0x080041ea   0x00000002   PAD
    0x080041ec   0x080041ec   0x000000dc   Code   RO         5776    i.pvPortMalloc      heap_4.o
    0x080042c8   0x080042c8   0x00000018   Code   RO         4737    i.pvTaskIncrementMutexHeldCount  tasks.o
    0x080042e0   0x080042e0   0x00000024   Code   RO         5831    i.pxPortInitialiseStack  port.o
    0x08004304   0x08004304   0x00000026   Code   RO         4250    i.uxListRemove      list.o
    0x0800432a   0x0800432a   0x00000002   PAD
    0x0800432c   0x0800432c   0x00000018   Code   RO         4746    i.uxTaskResetEventItemValue  tasks.o
    0x08004344   0x08004344   0x00000014   Code   RO         5337    i.vApplicationGetIdleTaskMemory  cmsis_os2.o
    0x08004358   0x08004358   0x00000018   Code   RO         5338    i.vApplicationGetTimerTaskMemory  cmsis_os2.o
    0x08004370   0x08004370   0x00000016   Code   RO         4251    i.vListInitialise   list.o
    0x08004386   0x08004386   0x00000006   Code   RO         4252    i.vListInitialiseItem  list.o
    0x0800438c   0x0800438c   0x00000030   Code   RO         4253    i.vListInsert       list.o
    0x080043bc   0x080043bc   0x00000018   Code   RO         4254    i.vListInsertEnd    list.o
    0x080043d4   0x080043d4   0x00000040   Code   RO         5833    i.vPortEnterCritical  port.o
    0x08004414   0x08004414   0x00000028   Code   RO         5834    i.vPortExitCritical  port.o
    0x0800443c   0x0800443c   0x00000064   Code   RO         5777    i.vPortFree         heap_4.o
    0x080044a0   0x080044a0   0x00000024   Code   RO         5835    i.vPortSetupTimerInterrupt  port.o
    0x080044c4   0x080044c4   0x00000054   Code   RO         5836    i.vPortValidateInterruptPriority  port.o
    0x08004518   0x08004518   0x00000028   Code   RO         4302    i.vQueueAddToRegistry  queue.o
    0x08004540   0x08004540   0x00000044   Code   RO         4306    i.vQueueWaitForMessageRestricted  queue.o
    0x08004584   0x08004584   0x0000004c   Code   RO         4747    i.vTaskDelay        tasks.o
    0x080045d0   0x080045d0   0x00000090   Code   RO         4749    i.vTaskDelete       tasks.o
    0x08004660   0x08004660   0x00000010   Code   RO         4752    i.vTaskInternalSetTimeOutState  tasks.o
    0x08004670   0x08004670   0x0000000c   Code   RO         4753    i.vTaskMissedYield  tasks.o
    0x0800467c   0x0800467c   0x00000030   Code   RO         4755    i.vTaskPlaceOnEventList  tasks.o
    0x080046ac   0x080046ac   0x00000038   Code   RO         4756    i.vTaskPlaceOnEventListRestricted  tasks.o
    0x080046e4   0x080046e4   0x00000050   Code   RO         4757    i.vTaskPlaceOnUnorderedEventList  tasks.o
    0x08004734   0x08004734   0x00000090   Code   RO         4758    i.vTaskPriorityDisinheritAfterTimeout  tasks.o
    0x080047c4   0x080047c4   0x00000070   Code   RO         4760    i.vTaskRemoveFromUnorderedEventList  tasks.o
    0x08004834   0x08004834   0x00000088   Code   RO         4764    i.vTaskStartScheduler  tasks.o
    0x080048bc   0x080048bc   0x00000010   Code   RO         4766    i.vTaskSuspendAll   tasks.o
    0x080048cc   0x080048cc   0x00000064   Code   RO         4767    i.vTaskSwitchContext  tasks.o
    0x08004930   0x08004930   0x0000001c   Code   RO         4139    i.xEventGroupCreate  event_groups.o
    0x0800494c   0x0800494c   0x0000008c   Code   RO         4142    i.xEventGroupSetBits  event_groups.o
    0x080049d8   0x080049d8   0x00000108   Code   RO         4145    i.xEventGroupWaitBits  event_groups.o
    0x08004ae0   0x08004ae0   0x000000a8   Code   RO         5837    i.xPortStartScheduler  port.o
    0x08004b88   0x08004b88   0x0000002c   Code   RO         5838    i.xPortSysTickHandler  port.o
    0x08004bb4   0x08004bb4   0x00000022   Code   RO         4307    i.xQueueAddToSet    queue.o
    0x08004bd6   0x08004bd6   0x00000008   Code   RO         4312    i.xQueueCreateSet   queue.o
    0x08004bde   0x08004bde   0x00000042   Code   RO         4313    i.xQueueGenericCreate  queue.o
    0x08004c20   0x08004c20   0x00000066   Code   RO         4314    i.xQueueGenericCreateStatic  queue.o
    0x08004c86   0x08004c86   0x00000002   PAD
    0x08004c88   0x08004c88   0x00000088   Code   RO         4315    i.xQueueGenericReset  queue.o
    0x08004d10   0x08004d10   0x00000178   Code   RO         4316    i.xQueueGenericSend  queue.o
    0x08004e88   0x08004e88   0x000000d6   Code   RO         4317    i.xQueueGenericSendFromISR  queue.o
    0x08004f5e   0x08004f5e   0x000000ac   Code   RO         4320    i.xQueueGiveFromISR  queue.o
    0x0800500a   0x0800500a   0x00000002   PAD
    0x0800500c   0x0800500c   0x00000138   Code   RO         4326    i.xQueueReceive     queue.o
    0x08005144   0x08005144   0x00000012   Code   RO         4329    i.xQueueSelectFromSet  queue.o
    0x08005156   0x08005156   0x00000002   PAD
    0x08005158   0x08005158   0x00000178   Code   RO         4331    i.xQueueSemaphoreTake  queue.o
    0x080052d0   0x080052d0   0x00000074   Code   RO         4769    i.xTaskCheckForTimeOut  tasks.o
    0x08005344   0x08005344   0x0000005a   Code   RO         4770    i.xTaskCreate       tasks.o
    0x0800539e   0x0800539e   0x00000056   Code   RO         4771    i.xTaskCreateStatic  tasks.o
    0x080053f4   0x080053f4   0x000000e0   Code   RO         4772    i.xTaskGenericNotify  tasks.o
    0x080054d4   0x080054d4   0x0000001c   Code   RO         4775    i.xTaskGetSchedulerState  tasks.o
    0x080054f0   0x080054f0   0x0000000c   Code   RO         4776    i.xTaskGetTickCount  tasks.o
    0x080054fc   0x080054fc   0x000000c8   Code   RO         4778    i.xTaskIncrementTick  tasks.o
    0x080055c4   0x080055c4   0x0000008c   Code   RO         4780    i.xTaskNotifyWait   tasks.o
    0x08005650   0x08005650   0x00000080   Code   RO         4781    i.xTaskPriorityDisinherit  tasks.o
    0x080056d0   0x080056d0   0x00000078   Code   RO         4782    i.xTaskPriorityInherit  tasks.o
    0x08005748   0x08005748   0x00000070   Code   RO         4783    i.xTaskRemoveFromEventList  tasks.o
    0x080057b8   0x080057b8   0x000000c4   Code   RO         4784    i.xTaskResumeAll    tasks.o
    0x0800587c   0x0800587c   0x00000060   Code   RO         5109    i.xTimerCreateTimerTask  timers.o
    0x080058dc   0x080058dc   0x00000068   Code   RO         5110    i.xTimerGenericCommand  timers.o
    0x08005944   0x08005944   0x00000062   Code   RO         6343    x$fpl$d2f           fz_ws.l(d2f.o)
    0x080059a6   0x080059a6   0x00000002   PAD
    0x080059a8   0x080059a8   0x00000150   Code   RO         6345    x$fpl$dadd          fz_ws.l(daddsub_clz.o)
    0x08005af8   0x08005af8   0x000002b0   Code   RO         6352    x$fpl$ddiv          fz_ws.l(ddiv.o)
    0x08005da8   0x08005da8   0x00000026   Code   RO         6355    x$fpl$dfltu         fz_ws.l(dflt_clz.o)
    0x08005dce   0x08005dce   0x0000009c   Code   RO         6384    x$fpl$dnaninf       fz_ws.l(dnaninf.o)
    0x08005e6a   0x08005e6a   0x0000000c   Code   RO         6386    x$fpl$dretinf       fz_ws.l(dretinf.o)
    0x08005e76   0x08005e76   0x00000002   PAD
    0x08005e78   0x08005e78   0x000001d4   Code   RO         6347    x$fpl$dsub          fz_ws.l(daddsub_clz.o)
    0x0800604c   0x0800604c   0x000000c4   Code   RO         6361    x$fpl$fadd          fz_ws.l(faddsub_clz.o)
    0x08006110   0x08006110   0x00000036   Code   RO         6367    x$fpl$ffix          fz_ws.l(ffix.o)
    0x08006146   0x08006146   0x00000002   PAD
    0x08006148   0x08006148   0x00000030   Code   RO         6372    x$fpl$fflt          fz_ws.l(fflt_clz.o)
    0x08006178   0x08006178   0x00000102   Code   RO         6377    x$fpl$fmul          fz_ws.l(fmul.o)
    0x0800627a   0x0800627a   0x0000008c   Code   RO         6388    x$fpl$fnaninf       fz_ws.l(fnaninf.o)
    0x08006306   0x08006306   0x0000000a   Code   RO         6390    x$fpl$fretinf       fz_ws.l(fretinf.o)
    0x08006310   0x08006310   0x00000014   Code   RO         6362    x$fpl$frsb          fz_ws.l(faddsub_clz.o)
    0x08006324   0x08006324   0x000000ea   Code   RO         6363    x$fpl$fsub          fz_ws.l(faddsub_clz.o)
    0x0800640e   0x0800640e   0x00000000   Code   RO         6392    x$fpl$usenofp       fz_ws.l(usenofp.o)
    0x0800640e   0x0800640e   0x00000002   PAD
    0x08006410   0x08006410   0x00000024   Data   RO          246    .constdata          freertos.o
    0x08006434   0x08006434   0x00000012   Data   RO         2176    .constdata          stm32f1xx_hal_rcc.o
    0x08006446   0x08006446   0x00000012   Data   RO         2268    .constdata          stm32f1xx_hal_rcc_ex.o
    0x08006458   0x08006458   0x00000010   Data   RO         4089    .constdata          system_stm32f1xx.o
    0x08006468   0x08006468   0x00000008   Data   RO         4090    .constdata          system_stm32f1xx.o
    0x08006470   0x08006470   0x00000800   Data   RO         6217    .constdata          driver_oled.o
    0x08006c70   0x08006c70   0x0000000c   Data   RO          247    .conststring        freertos.o
    0x08006c7c   0x08006c7c   0x00000020   Data   RO         6545    Region$$Table       anon$$obj.o


    Execution Region RW_IRAM1 (Exec base: 0x20000000, Load base: 0x08006c9c, Size: 0x000021b8, Max: 0x00005000, ABSOLUTE)

    Exec Addr    Load Addr    Size         Type   Attr      Idx    E Section Name        Object

    0x20000000   0x08006c9c   0x0000002c   Data   RW          248    .data               freertos.o
    0x2000002c   0x08006cc8   0x0000000c   Data   RW         2013    .data               stm32f1xx_hal.o
    0x20000038   0x08006cd4   0x00000004   Data   RW         4091    .data               system_stm32f1xx.o
    0x2000003c   0x08006cd8   0x0000003c   Data   RW         4787    .data               tasks.o
    0x20000078   0x08006d14   0x00000014   Data   RW         5118    .data               timers.o
    0x2000008c   0x08006d28   0x00000004   Data   RW         5340    .data               cmsis_os2.o
    0x20000090   0x08006d2c   0x00000020   Data   RW         5783    .data               heap_4.o
    0x200000b0   0x08006d4c   0x0000000c   Data   RW         5839    .data               port.o
    0x200000bc   0x08006d58   0x00000004   Data   RW         6086    .data               driver_light_sensor.o
    0x200000c0   0x08006d5c   0x00000008   Data   RW         6218    .data               driver_oled.o
    0x200000c8        -       0x00000030   Zero   RW          345    .bss                adc.o
    0x200000f8        -       0x00000054   Zero   RW          387    .bss                i2c.o
    0x2000014c        -       0x00000058   Zero   RW          429    .bss                spi.o
    0x200001a4        -       0x00000048   Zero   RW          472    .bss                tim.o
    0x200001ec        -       0x00000048   Zero   RW          519    .bss                usart.o
    0x20000234        -       0x00000048   Zero   RW          667    .bss                stm32f1xx_hal_timebase_tim.o
    0x2000027c        -       0x00000040   Zero   RW         4333    .bss                queue.o
    0x200002bc        -       0x000004c4   Zero   RW         4786    .bss                tasks.o
    0x20000780        -       0x0000011c   Zero   RW         5117    .bss                timers.o
    0x2000089c        -       0x000006b8   Zero   RW         5339    .bss                cmsis_os2.o
    0x20000f54        -       0x00000c00   Zero   RW         5782    .bss                heap_4.o
    0x20001b54        -       0x00000060   Zero   RW         6419    .bss                c_w.l(libspace.o)
    0x20001bb4   0x08006d64   0x00000004   PAD
    0x20001bb8        -       0x00000200   Zero   RW            2    HEAP                startup_stm32f103xb.o
    0x20001db8        -       0x00000400   Zero   RW            1    STACK               startup_stm32f103xb.o


==============================================================================

Image component sizes


      Code (inc. data)   RO Data    RW Data    ZI Data      Debug   Object Name

       168         22          0          0         48       1505   adc.o
       300         22          0          4       1720      54561   cmsis_os2.o
       626         32          0          0          0       5448   driver_dht11.o
        80         12          0          0          0        959   driver_key.o
       120         24          0          0          0       2153   driver_led.o
        60         10          0          4          0       2070   driver_light_sensor.o
       790         44       2048          8          0       9739   driver_oled.o
       452          4          0          0          0      24967   event_groups.o
       836        172         48         44          0      12674   freertos.o
       244         22          0          0          0        931   gpio.o
       472         24          0         32       3072       4551   heap_4.o
       156         26          0          0         84       1489   i2c.o
       138          0          0          0          0       3182   list.o
       260         26          0          0          0     477088   main.o
       662         70          0         12          0      10301   port.o
      2360         22          0          0         64      23529   queue.o
       184         24          0          0         88       1513   spi.o
        64         26        236          0       1536        772   startup_stm32f103xb.o
       100         18          0         12          0       4998   stm32f1xx_hal.o
      1260         54          0          0          0       6244   stm32f1xx_hal_adc.o
       216          6          0          0          0       1366   stm32f1xx_hal_adc_ex.o
       158         14          0          0          0      28010   stm32f1xx_hal_cortex.o
       222          4          0          0          0       1663   stm32f1xx_hal_dma.o
       540         40          0          0          0       4511   stm32f1xx_hal_gpio.o
      1870         48          0          0          0      10985   stm32f1xx_hal_i2c.o
        72         10          0          0          0        802   stm32f1xx_hal_msp.o
      1304         94         18          0          0       5489   stm32f1xx_hal_rcc.o
       400         28         18          0          0       2365   stm32f1xx_hal_rcc_ex.o
       178          0          0          0          0       1087   stm32f1xx_hal_spi.o
      1556         44          0          0          0      13966   stm32f1xx_hal_tim.o
       108         12          0          0          0       2261   stm32f1xx_hal_tim_ex.o
       152         20          0          0         72       1371   stm32f1xx_hal_timebase_tim.o
      1200         10          0          0          0       7596   stm32f1xx_hal_uart.o
        70         18          0          0          0       4020   stm32f1xx_it.o
         0          0          0          0          0        384   stream_buffer.o
         2          0         24          4          0       1011   system_stm32f1xx.o
      3096        254          0         60       1220      32931   tasks.o
       252         18          0          0         72       2116   tim.o
       972         80          0         20        284      28947   timers.o
       184         20          0          0         72       1542   usart.o

    ----------------------------------------------------------------------
     21936       1374       2424        200       8332     801097   Object Totals
         0          0         32          0          0          0   (incl. Generated)
        52          0          0          0          0          0   (incl. Padding)

    ----------------------------------------------------------------------

      Code (inc. data)   RO Data    RW Data    ZI Data      Debug   Library Member Name

         8          0          0          0          0         68   __main.o
         0          0          0          0          0          0   __rtentry.o
        12          0          0          0          0          0   __rtentry2.o
         6          0          0          0          0          0   __rtentry4.o
        52          8          0          0          0          0   __scatter.o
        26          0          0          0          0          0   __scatter_copy.o
        28          0          0          0          0          0   __scatter_zi.o
        16          0          0          0          0         68   aeabi_memset.o
        18          0          0          0          0         80   exit.o
         6          0          0          0          0        152   heapauxi.o
         0          0          0          0          0          0   indicate_semi.o
         2          0          0          0          0          0   libinit.o
         2          0          0          0          0          0   libinit2.o
         2          0          0          0          0          0   libshutdown.o
         2          0          0          0          0          0   libshutdown2.o
         8          4          0          0         96         68   libspace.o
        68          0          0          0          0         68   rt_memclr.o
        78          0          0          0          0         80   rt_memclr_w.o
       138          0          0          0          0         68   rt_memcpy_v6.o
       100          0          0          0          0         80   rt_memcpy_w.o
         2          0          0          0          0          0   rtexit.o
        10          0          0          0          0          0   rtexit2.o
        12          4          0          0          0         68   sys_exit.o
        74          0          0          0          0         80   sys_stackheap_outer.o
         2          0          0          0          0         68   use_no_semi.o
        98          4          0          0          0         92   d2f.o
       804         16          0          0          0        272   daddsub_clz.o
       688        140          0          0          0        208   ddiv.o
        38          0          0          0          0         68   dflt_clz.o
       156          4          0          0          0         92   dnaninf.o
        12          0          0          0          0         68   dretinf.o
       450          8          0          0          0        236   faddsub_clz.o
        54          4          0          0          0         84   ffix.o
        48          0          0          0          0         68   fflt_clz.o
       258          4          0          0          0         84   fmul.o
       140          4          0          0          0         84   fnaninf.o
        10          0          0          0          0         68   fretinf.o
         0          0          0          0          0          0   usenofp.o

    ----------------------------------------------------------------------
      3444        200          0          0        100       2372   Library Totals
        16          0          0          0          4          0   (incl. Padding)

    ----------------------------------------------------------------------

      Code (inc. data)   RO Data    RW Data    ZI Data      Debug   Library Name

       672         16          0          0         96        948   c_w.l
      2756        184          0          0          0       1424   fz_ws.l

    ----------------------------------------------------------------------
      3444        200          0          0        100       2372   Library Totals

    ----------------------------------------------------------------------

==============================================================================


      Code (inc. data)   RO Data    RW Data    ZI Data      Debug   

     25380       1574       2424        200       8432     790933   Grand Totals
     25380       1574       2424        200       8432     790933   ELF Image Totals
     25380       1574       2424        200          0          0   ROM Totals

==============================================================================

    Total RO  Size (Code + RO Data)                27804 (  27.15kB)
    Total RW  Size (RW Data + ZI Data)              8632 (   8.43kB)
    Total ROM Size (Code + RO Data + RW Data)      28004 (  27.35kB)

==============================================================================

